[backblue.gif]
[fade.gif]
[index.html]
[ftp.feq.ufu.br/icons/blank.gif]
[ftp.feq.ufu.br/icons/back.gif]
[ftp.feq.ufu.br/icons/folder.gif]
[ftp.feq.ufu.br/icons/unknown.gif]
[ftp.feq.ufu.br/icons/text.gif]
[ftp.feq.ufu.br/Luis_Claudio/HYBRID/mpt_ver262/mpt/yalmip/index.html]
[ftp.feq.ufu.br/Luis_Claudio/HYBRID/mpt_ver262/mpt/yalmip/indexc052.html]
[ftp.feq.ufu.br/Luis_Claudio/HYBRID/mpt_ver262/mpt/yalmip/indexf8a0.html]
[ftp.feq.ufu.br/Luis_Claudio/HYBRID/mpt_ver262/mpt/yalmip/indexbfec.html]
[ftp.feq.ufu.br/Luis_Claudio/HYBRID/mpt_ver262/mpt/yalmip/index30b5.html]
[ftp.feq.ufu.br/Luis_Claudio/HYBRID/mpt_ver262/mpt/yalmip/@sdpvar/index.html]
[ftp.feq.ufu.br/Luis_Claudio/HYBRID/mpt_ver262/mpt/yalmip/demos/index.html]
[ftp.feq.ufu.br/Luis_Claudio/HYBRID/mpt_ver262/mpt/yalmip/extras/findhash.c]
[ftp.feq.ufu.br/Luis_Claudio/HYBRID/mpt_ver262/mpt/yalmip/extras/index.html]
[ftp.feq.ufu.br/icons/image2.gif]
[ftp.feq.ufu.br/Luis_Claudio/HYBRID/mpt_ver262/mpt/yalmip/htmldata/demoicon.gif]
[ftp.feq.ufu.br/Luis_Claudio/HYBRID/mpt_ver262/mpt/yalmip/htmldata/dual.h1.gif]
[ftp.feq.ufu.br/Luis_Claudio/HYBRID/mpt_ver262/mpt/yalmip/htmldata/dual.h2.gif]
[ftp.feq.ufu.br/Luis_Claudio/HYBRID/mpt_ver262/mpt/yalmip/htmldata/dualform.gif]
[ftp.feq.ufu.br/Luis_Claudio/HYBRID/mpt_ver262/mpt/yalmip/htmldata/ellips5.gif]
[ftp.feq.ufu.br/Luis_Claudio/HYBRID/mpt_ver262/mpt/yalmip/htmldata/exclamationmark.jpg]
[ftp.feq.ufu.br/Luis_Claudio/HYBRID/mpt_ver262/mpt/yalmip/htmldata/gemoetric.gif]
[ftp.feq.ufu.br/Luis_Claudio/HYBRID/mpt_ver262/mpt/yalmip/htmldata/gevp.h4.gif]
[ftp.feq.ufu.br/Luis_Claudio/HYBRID/mpt_ver262/mpt/yalmip/htmldata/icon_add.gif]
[ftp.feq.ufu.br/Luis_Claudio/HYBRID/mpt_ver262/mpt/yalmip/htmldata/icon_del.gif]
[ftp.feq.ufu.br/Luis_Claudio/HYBRID/mpt_ver262/mpt/yalmip/htmldata/icon_fix.gif]
[ftp.feq.ufu.br/Luis_Claudio/HYBRID/mpt_ver262/mpt/yalmip/htmldata/icon_ifix.gif]
[ftp.feq.ufu.br/Luis_Claudio/HYBRID/mpt_ver262/mpt/yalmip/htmldata/iimg_1.gif]
[ftp.feq.ufu.br/Luis_Claudio/HYBRID/mpt_ver262/mpt/yalmip/htmldata/iimg_8.gif]
[ftp.feq.ufu.br/Luis_Claudio/HYBRID/mpt_ver262/mpt/yalmip/htmldata/lyapun6.gif]
[ftp.feq.ufu.br/Luis_Claudio/HYBRID/mpt_ver262/mpt/yalmip/htmldata/polytopes.jpg]
[ftp.feq.ufu.br/Luis_Claudio/HYBRID/mpt_ver262/mpt/yalmip/htmldata/primalform.gif]
[ftp.feq.ufu.br/Luis_Claudio/HYBRID/mpt_ver262/mpt/yalmip/htmldata/warning.gif]
[ftp.feq.ufu.br/Luis_Claudio/HYBRID/mpt_ver262/mpt/yalmip/htmldata/index.html]
[ftp.feq.ufu.br/Luis_Claudio/HYBRID/mpt_ver262/mpt/yalmip/modules/index.html]
[ftp.feq.ufu.br/Luis_Claudio/HYBRID/mpt_ver262/mpt/yalmip/operators/index.html]
[ftp.feq.ufu.br/Luis_Claudio/HYBRID/mpt_ver262/mpt/yalmip/solvers/index.html]
[ftp.feq.ufu.br/Luis_Claudio/HYBRID/mpt_ver262/mpt/yalmip/yalmip.html]
[ftp.feq.ufu.br/Luis_Claudio/HYBRID/mpt_ver262/mpt/yalmip/indexb70a.html]
[ftp.feq.ufu.br/Luis_Claudio/HYBRID/mpt_ver262/mpt/yalmip/index72c9.html]
[ftp.feq.ufu.br/Luis_Claudio/HYBRID/mpt_ver262/mpt/yalmip/index5851.html]
[ftp.feq.ufu.br/Luis_Claudio/HYBRID/mpt_ver262/mpt/yalmip/indexad3f.html]
[ftp.feq.ufu.br/Luis_Claudio/HYBRID/mpt_ver262/mpt/yalmip/@sdpvar/indexc052.html]
[ftp.feq.ufu.br/Luis_Claudio/HYBRID/mpt_ver262/mpt/yalmip/@sdpvar/indexf8a0.html]
[ftp.feq.ufu.br/Luis_Claudio/HYBRID/mpt_ver262/mpt/yalmip/@sdpvar/indexbfec.html]
[ftp.feq.ufu.br/Luis_Claudio/HYBRID/mpt_ver262/mpt/yalmip/@sdpvar/index30b5.html]
[ftp.feq.ufu.br/Luis_Claudio/HYBRID/mpt_ver262/mpt/yalmip/demos/indexc052.html]
[ftp.feq.ufu.br/Luis_Claudio/HYBRID/mpt_ver262/mpt/yalmip/demos/indexf8a0.html]
[ftp.feq.ufu.br/Luis_Claudio/HYBRID/mpt_ver262/mpt/yalmip/demos/indexbfec.html]
[ftp.feq.ufu.br/Luis_Claudio/HYBRID/mpt_ver262/mpt/yalmip/demos/index30b5.html]
[ftp.feq.ufu.br/Luis_Claudio/HYBRID/mpt_ver262/mpt/yalmip/extras/indexc052.html]
[ftp.feq.ufu.br/Luis_Claudio/HYBRID/mpt_ver262/mpt/yalmip/extras/indexf8a0.html]
[ftp.feq.ufu.br/Luis_Claudio/HYBRID/mpt_ver262/mpt/yalmip/extras/indexbfec.html]
[ftp.feq.ufu.br/Luis_Claudio/HYBRID/mpt_ver262/mpt/yalmip/extras/index30b5.html]
[ftp.feq.ufu.br/Luis_Claudio/HYBRID/mpt_ver262/mpt/yalmip/extras/@blkvar/index.html]
[ftp.feq.ufu.br/Luis_Claudio/HYBRID/mpt_ver262/mpt/yalmip/extras/@char/index.html]
[ftp.feq.ufu.br/Luis_Claudio/HYBRID/mpt_ver262/mpt/yalmip/extras/@constraint/index.html]
[ftp.feq.ufu.br/Luis_Claudio/HYBRID/mpt_ver262/mpt/yalmip/extras/@double/index.html]
[ftp.feq.ufu.br/Luis_Claudio/HYBRID/mpt_ver262/mpt/yalmip/extras/@lazybasis/index.html]
[ftp.feq.ufu.br/Luis_Claudio/HYBRID/mpt_ver262/mpt/yalmip/extras/@lmi/index.html]
[ftp.feq.ufu.br/Luis_Claudio/HYBRID/mpt_ver262/mpt/yalmip/extras/@logdet/index.html]
[ftp.feq.ufu.br/Luis_Claudio/HYBRID/mpt_ver262/mpt/yalmip/extras/@logical/index.html]
[ftp.feq.ufu.br/Luis_Claudio/HYBRID/mpt_ver262/mpt/yalmip/extras/@ncvar/index.html]
[ftp.feq.ufu.br/Luis_Claudio/HYBRID/mpt_ver262/mpt/yalmip/extras/@ndsdpvar/index.html]
[ftp.feq.ufu.br/Luis_Claudio/HYBRID/mpt_ver262/mpt/yalmip/extras/@optimizer/index.html]
[ftp.feq.ufu.br/Luis_Claudio/HYBRID/mpt_ver262/mpt/yalmip/htmldata/indexc052.html]
[ftp.feq.ufu.br/Luis_Claudio/HYBRID/mpt_ver262/mpt/yalmip/htmldata/indexf8a0.html]
[ftp.feq.ufu.br/Luis_Claudio/HYBRID/mpt_ver262/mpt/yalmip/htmldata/indexbfec.html]
[ftp.feq.ufu.br/Luis_Claudio/HYBRID/mpt_ver262/mpt/yalmip/htmldata/index30b5.html]
[ftp.feq.ufu.br/Luis_Claudio/HYBRID/mpt_ver262/mpt/yalmip/htmldata/acknow.html]
[ftp.feq.ufu.br/Luis_Claudio/HYBRID/mpt_ver262/mpt/yalmip/htmldata/advanced.html]
[ftp.feq.ufu.br/Luis_Claudio/HYBRID/mpt_ver262/mpt/yalmip/htmldata/backwards.html]
[ftp.feq.ufu.br/Luis_Claudio/HYBRID/mpt_ver262/mpt/yalmip/htmldata/basics.html]
[ftp.feq.ufu.br/Luis_Claudio/HYBRID/mpt_ver262/mpt/yalmip/htmldata/bmi.html]
[ftp.feq.ufu.br/Luis_Claudio/HYBRID/mpt_ver262/mpt/yalmip/htmldata/btm_frm.html]
[ftp.feq.ufu.br/Luis_Claudio/HYBRID/mpt_ver262/mpt/yalmip/htmldata/complex.html]
[ftp.feq.ufu.br/Luis_Claudio/HYBRID/mpt_ver262/mpt/yalmip/htmldata/dual.html]
[ftp.feq.ufu.br/Luis_Claudio/HYBRID/mpt_ver262/mpt/yalmip/htmldata/ellipsoidal.html]
[ftp.feq.ufu.br/Luis_Claudio/HYBRID/mpt_ver262/mpt/yalmip/htmldata/extoperators.html]
[ftp.feq.ufu.br/Luis_Claudio/HYBRID/mpt_ver262/mpt/yalmip/htmldata/faq.html]
[ftp.feq.ufu.br/Luis_Claudio/HYBRID/mpt_ver262/mpt/yalmip/htmldata/form.html]
[ftp.feq.ufu.br/Luis_Claudio/HYBRID/mpt_ver262/mpt/yalmip/htmldata/geometric.html]
[ftp.feq.ufu.br/Luis_Claudio/HYBRID/mpt_ver262/mpt/yalmip/htmldata/gevp.html]
[ftp.feq.ufu.br/Luis_Claudio/HYBRID/mpt_ver262/mpt/yalmip/htmldata/globalbmi.html]
[ftp.feq.ufu.br/Luis_Claudio/HYBRID/mpt_ver262/mpt/yalmip/htmldata/impexp.html]
[ftp.feq.ufu.br/Luis_Claudio/HYBRID/mpt_ver262/mpt/yalmip/htmldata/installation.html]
[ftp.feq.ufu.br/Luis_Claudio/HYBRID/mpt_ver262/mpt/yalmip/htmldata/integer.html]
[ftp.feq.ufu.br/Luis_Claudio/HYBRID/mpt_ver262/mpt/yalmip/htmldata/intro.html]
[ftp.feq.ufu.br/Luis_Claudio/HYBRID/mpt_ver262/mpt/yalmip/htmldata/kyp.html]
[ftp.feq.ufu.br/Luis_Claudio/HYBRID/mpt_ver262/mpt/yalmip/htmldata/licens.html]
[ftp.feq.ufu.br/Luis_Claudio/HYBRID/mpt_ver262/mpt/yalmip/htmldata/linearregression.html]
[ftp.feq.ufu.br/Luis_Claudio/HYBRID/mpt_ver262/mpt/yalmip/htmldata/logic.html]
[ftp.feq.ufu.br/Luis_Claudio/HYBRID/mpt_ver262/mpt/yalmip/htmldata/lyapunov.html]
[ftp.feq.ufu.br/Luis_Claudio/HYBRID/mpt_ver262/mpt/yalmip/htmldata/mnl_cnt.html]
[ftp.feq.ufu.br/Luis_Claudio/HYBRID/mpt_ver262/mpt/yalmip/htmldata/mnl_cnt_clear.html]
[ftp.feq.ufu.br/Luis_Claudio/HYBRID/mpt_ver262/mpt/yalmip/htmldata/mnl_cnt_examples.html]
[ftp.feq.ufu.br/Luis_Claudio/HYBRID/mpt_ver262/mpt/yalmip/htmldata/mnl_cnt_reference.html]
[ftp.feq.ufu.br/Luis_Claudio/HYBRID/mpt_ver262/mpt/yalmip/htmldata/mnl_cnt_solvers.html]
[ftp.feq.ufu.br/Luis_Claudio/HYBRID/mpt_ver262/mpt/yalmip/htmldata/moment.html]
[ftp.feq.ufu.br/Luis_Claudio/HYBRID/mpt_ver262/mpt/yalmip/htmldata/mp.html]
[ftp.feq.ufu.br/Luis_Claudio/HYBRID/mpt_ver262/mpt/yalmip/htmldata/news.html]
[ftp.feq.ufu.br/Luis_Claudio/HYBRID/mpt_ver262/mpt/yalmip/htmldata/oldnews.html]
[ftp.feq.ufu.br/Luis_Claudio/HYBRID/mpt_ver262/mpt/yalmip/htmldata/polynomials.html]
[ftp.feq.ufu.br/Luis_Claudio/HYBRID/mpt_ver262/mpt/yalmip/htmldata/ranksdp.html]
[users.rsise.anu.edu.au/_robert/publications/cOHM04.329.delayed]
[users.cecs.anu.edu.au/_robert/publications/cOHM04.pdf]
[faculty.math.illinois.edu/_reznick/hil17.pdf]
[ftp.feq.ufu.br/Luis_Claudio/HYBRID/mpt_ver262/mpt/yalmip/htmldata/readmore.html]
[ftp.feq.ufu.br/Luis_Claudio/HYBRID/mpt_ver262/mpt/yalmip/htmldata/reference.html]
[ftp.feq.ufu.br/Luis_Claudio/HYBRID/mpt_ver262/mpt/yalmip/htmldata/solvers.html]
[ftp.feq.ufu.br/Luis_Claudio/HYBRID/mpt_ver262/mpt/yalmip/htmldata/sos.html]
[ftp.feq.ufu.br/Luis_Claudio/HYBRID/mpt_ver262/mpt/yalmip/htmldata/tochead.html]
[ftp.feq.ufu.br/Luis_Claudio/HYBRID/mpt_ver262/mpt/yalmip/htmldata/top_frm.html]
[ftp.feq.ufu.br/Luis_Claudio/HYBRID/mpt_ver262/mpt/yalmip/modules/indexc052.html]
[ftp.feq.ufu.br/Luis_Claudio/HYBRID/mpt_ver262/mpt/yalmip/modules/indexf8a0.html]
[ftp.feq.ufu.br/Luis_Claudio/HYBRID/mpt_ver262/mpt/yalmip/modules/indexbfec.html]
[ftp.feq.ufu.br/Luis_Claudio/HYBRID/mpt_ver262/mpt/yalmip/modules/index30b5.html]
[ftp.feq.ufu.br/Luis_Claudio/HYBRID/mpt_ver262/mpt/yalmip/modules/global/index.html]
[ftp.feq.ufu.br/Luis_Claudio/HYBRID/mpt_ver262/mpt/yalmip/modules/moment/index.html]
[ftp.feq.ufu.br/Luis_Claudio/HYBRID/mpt_ver262/mpt/yalmip/modules/parametric/index.html]
[ftp.feq.ufu.br/Luis_Claudio/HYBRID/mpt_ver262/mpt/yalmip/modules/robust/index.html]
[ftp.feq.ufu.br/Luis_Claudio/HYBRID/mpt_ver262/mpt/yalmip/modules/sos/index.html]
[ftp.feq.ufu.br/Luis_Claudio/HYBRID/mpt_ver262/mpt/yalmip/operators/indexc052.html]
[ftp.feq.ufu.br/Luis_Claudio/HYBRID/mpt_ver262/mpt/yalmip/operators/indexf8a0.html]
[ftp.feq.ufu.br/Luis_Claudio/HYBRID/mpt_ver262/mpt/yalmip/operators/indexbfec.html]
[ftp.feq.ufu.br/Luis_Claudio/HYBRID/mpt_ver262/mpt/yalmip/operators/index30b5.html]
[ftp.feq.ufu.br/Luis_Claudio/HYBRID/mpt_ver262/mpt/yalmip/solvers/indexc052.html]
[ftp.feq.ufu.br/Luis_Claudio/HYBRID/mpt_ver262/mpt/yalmip/solvers/indexf8a0.html]
[ftp.feq.ufu.br/Luis_Claudio/HYBRID/mpt_ver262/mpt/yalmip/solvers/indexbfec.html]
[ftp.feq.ufu.br/Luis_Claudio/HYBRID/mpt_ver262/mpt/yalmip/solvers/index30b5.html]
[ftp.feq.ufu.br/Luis_Claudio/HYBRID/mpt_ver262/mpt/yalmip/@sdpvar/indexb70a.html]
[ftp.feq.ufu.br/Luis_Claudio/HYBRID/mpt_ver262/mpt/yalmip/@sdpvar/index72c9.html]
[ftp.feq.ufu.br/Luis_Claudio/HYBRID/mpt_ver262/mpt/yalmip/@sdpvar/index5851.html]
[ftp.feq.ufu.br/Luis_Claudio/HYBRID/mpt_ver262/mpt/yalmip/@sdpvar/indexad3f.html]
[ftp.feq.ufu.br/Luis_Claudio/HYBRID/mpt_ver262/mpt/yalmip/demos/indexb70a.html]
[ftp.feq.ufu.br/Luis_Claudio/HYBRID/mpt_ver262/mpt/yalmip/demos/index72c9.html]
[ftp.feq.ufu.br/Luis_Claudio/HYBRID/mpt_ver262/mpt/yalmip/demos/index5851.html]
[ftp.feq.ufu.br/Luis_Claudio/HYBRID/mpt_ver262/mpt/yalmip/demos/indexad3f.html]
[ftp.feq.ufu.br/Luis_Claudio/HYBRID/mpt_ver262/mpt/yalmip/extras/indexb70a.html]
[ftp.feq.ufu.br/Luis_Claudio/HYBRID/mpt_ver262/mpt/yalmip/extras/index72c9.html]
[ftp.feq.ufu.br/Luis_Claudio/HYBRID/mpt_ver262/mpt/yalmip/extras/index5851.html]
[ftp.feq.ufu.br/Luis_Claudio/HYBRID/mpt_ver262/mpt/yalmip/extras/indexad3f.html]
[ftp.feq.ufu.br/Luis_Claudio/HYBRID/mpt_ver262/mpt/yalmip/extras/@blkvar/indexc052.html]
[ftp.feq.ufu.br/Luis_Claudio/HYBRID/mpt_ver262/mpt/yalmip/extras/@blkvar/indexf8a0.html]
[ftp.feq.ufu.br/Luis_Claudio/HYBRID/mpt_ver262/mpt/yalmip/extras/@blkvar/indexbfec.html]
[ftp.feq.ufu.br/Luis_Claudio/HYBRID/mpt_ver262/mpt/yalmip/extras/@blkvar/index30b5.html]
[ftp.feq.ufu.br/Luis_Claudio/HYBRID/mpt_ver262/mpt/yalmip/extras/@char/indexc052.html]
[ftp.feq.ufu.br/Luis_Claudio/HYBRID/mpt_ver262/mpt/yalmip/extras/@char/indexf8a0.html]
[ftp.feq.ufu.br/Luis_Claudio/HYBRID/mpt_ver262/mpt/yalmip/extras/@char/indexbfec.html]
[ftp.feq.ufu.br/Luis_Claudio/HYBRID/mpt_ver262/mpt/yalmip/extras/@char/index30b5.html]
[ftp.feq.ufu.br/Luis_Claudio/HYBRID/mpt_ver262/mpt/yalmip/extras/@constraint/indexc052.html]
[ftp.feq.ufu.br/Luis_Claudio/HYBRID/mpt_ver262/mpt/yalmip/extras/@constraint/indexf8a0.html]
[ftp.feq.ufu.br/Luis_Claudio/HYBRID/mpt_ver262/mpt/yalmip/extras/@constraint/indexbfec.html]
[ftp.feq.ufu.br/Luis_Claudio/HYBRID/mpt_ver262/mpt/yalmip/extras/@constraint/index30b5.html]
[ftp.feq.ufu.br/Luis_Claudio/HYBRID/mpt_ver262/mpt/yalmip/extras/@double/indexc052.html]
[ftp.feq.ufu.br/Luis_Claudio/HYBRID/mpt_ver262/mpt/yalmip/extras/@double/indexf8a0.html]
[ftp.feq.ufu.br/Luis_Claudio/HYBRID/mpt_ver262/mpt/yalmip/extras/@double/indexbfec.html]
[ftp.feq.ufu.br/Luis_Claudio/HYBRID/mpt_ver262/mpt/yalmip/extras/@double/index30b5.html]
[ftp.feq.ufu.br/Luis_Claudio/HYBRID/mpt_ver262/mpt/yalmip/extras/@lazybasis/indexc052.html]
[ftp.feq.ufu.br/Luis_Claudio/HYBRID/mpt_ver262/mpt/yalmip/extras/@lazybasis/indexf8a0.html]
[ftp.feq.ufu.br/Luis_Claudio/HYBRID/mpt_ver262/mpt/yalmip/extras/@lazybasis/indexbfec.html]
[ftp.feq.ufu.br/Luis_Claudio/HYBRID/mpt_ver262/mpt/yalmip/extras/@lazybasis/index30b5.html]
[ftp.feq.ufu.br/Luis_Claudio/HYBRID/mpt_ver262/mpt/yalmip/extras/@lmi/indexc052.html]
[ftp.feq.ufu.br/Luis_Claudio/HYBRID/mpt_ver262/mpt/yalmip/extras/@lmi/indexf8a0.html]
[ftp.feq.ufu.br/Luis_Claudio/HYBRID/mpt_ver262/mpt/yalmip/extras/@lmi/indexbfec.html]
[ftp.feq.ufu.br/Luis_Claudio/HYBRID/mpt_ver262/mpt/yalmip/extras/@lmi/index30b5.html]
[ftp.feq.ufu.br/Luis_Claudio/HYBRID/mpt_ver262/mpt/yalmip/extras/@logdet/indexc052.html]
[ftp.feq.ufu.br/Luis_Claudio/HYBRID/mpt_ver262/mpt/yalmip/extras/@logdet/indexf8a0.html]
[ftp.feq.ufu.br/Luis_Claudio/HYBRID/mpt_ver262/mpt/yalmip/extras/@logdet/indexbfec.html]
[ftp.feq.ufu.br/Luis_Claudio/HYBRID/mpt_ver262/mpt/yalmip/extras/@logdet/index30b5.html]
[ftp.feq.ufu.br/Luis_Claudio/HYBRID/mpt_ver262/mpt/yalmip/extras/@logical/indexc052.html]
[ftp.feq.ufu.br/Luis_Claudio/HYBRID/mpt_ver262/mpt/yalmip/extras/@logical/indexf8a0.html]
[ftp.feq.ufu.br/Luis_Claudio/HYBRID/mpt_ver262/mpt/yalmip/extras/@logical/indexbfec.html]
[ftp.feq.ufu.br/Luis_Claudio/HYBRID/mpt_ver262/mpt/yalmip/extras/@logical/index30b5.html]
[ftp.feq.ufu.br/Luis_Claudio/HYBRID/mpt_ver262/mpt/yalmip/extras/@ncvar/indexc052.html]
[ftp.feq.ufu.br/Luis_Claudio/HYBRID/mpt_ver262/mpt/yalmip/extras/@ncvar/indexf8a0.html]
[ftp.feq.ufu.br/Luis_Claudio/HYBRID/mpt_ver262/mpt/yalmip/extras/@ncvar/indexbfec.html]
[ftp.feq.ufu.br/Luis_Claudio/HYBRID/mpt_ver262/mpt/yalmip/extras/@ncvar/index30b5.html]
[ftp.feq.ufu.br/Luis_Claudio/HYBRID/mpt_ver262/mpt/yalmip/extras/@ncvar/mtimes.html]
[ftp.feq.ufu.br/Luis_Claudio/HYBRID/mpt_ver262/mpt/yalmip/extras/@ncvar/ncvar.html]
[ftp.feq.ufu.br/Luis_Claudio/HYBRID/mpt_ver262/mpt/yalmip/extras/@ndsdpvar/indexc052.html]
[ftp.feq.ufu.br/Luis_Claudio/HYBRID/mpt_ver262/mpt/yalmip/extras/@ndsdpvar/indexf8a0.html]
[ftp.feq.ufu.br/Luis_Claudio/HYBRID/mpt_ver262/mpt/yalmip/extras/@ndsdpvar/indexbfec.html]
[ftp.feq.ufu.br/Luis_Claudio/HYBRID/mpt_ver262/mpt/yalmip/extras/@ndsdpvar/index30b5.html]
[ftp.feq.ufu.br/Luis_Claudio/HYBRID/mpt_ver262/mpt/yalmip/extras/@optimizer/indexc052.html]
[ftp.feq.ufu.br/Luis_Claudio/HYBRID/mpt_ver262/mpt/yalmip/extras/@optimizer/indexf8a0.html]
[ftp.feq.ufu.br/Luis_Claudio/HYBRID/mpt_ver262/mpt/yalmip/extras/@optimizer/indexbfec.html]
[ftp.feq.ufu.br/Luis_Claudio/HYBRID/mpt_ver262/mpt/yalmip/extras/@optimizer/index30b5.html]
[ftp.feq.ufu.br/Luis_Claudio/HYBRID/mpt_ver262/mpt/yalmip/htmldata/indexb70a.html]
[ftp.feq.ufu.br/Luis_Claudio/HYBRID/mpt_ver262/mpt/yalmip/htmldata/index72c9.html]
[ftp.feq.ufu.br/Luis_Claudio/HYBRID/mpt_ver262/mpt/yalmip/htmldata/index5851.html]
[ftp.feq.ufu.br/Luis_Claudio/HYBRID/mpt_ver262/mpt/yalmip/htmldata/indexad3f.html]
[ftp.feq.ufu.br/Luis_Claudio/HYBRID/mpt_ver262/mpt/yalmip/modules/indexb70a.html]
[ftp.feq.ufu.br/Luis_Claudio/HYBRID/mpt_ver262/mpt/yalmip/modules/index72c9.html]
[ftp.feq.ufu.br/Luis_Claudio/HYBRID/mpt_ver262/mpt/yalmip/modules/index5851.html]
[ftp.feq.ufu.br/Luis_Claudio/HYBRID/mpt_ver262/mpt/yalmip/modules/indexad3f.html]
[ftp.feq.ufu.br/Luis_Claudio/HYBRID/mpt_ver262/mpt/yalmip/modules/global/indexc052.html]
[ftp.feq.ufu.br/Luis_Claudio/HYBRID/mpt_ver262/mpt/yalmip/modules/global/indexf8a0.html]
[ftp.feq.ufu.br/Luis_Claudio/HYBRID/mpt_ver262/mpt/yalmip/modules/global/indexbfec.html]
[ftp.feq.ufu.br/Luis_Claudio/HYBRID/mpt_ver262/mpt/yalmip/modules/global/index30b5.html]
[ftp.feq.ufu.br/Luis_Claudio/HYBRID/mpt_ver262/mpt/yalmip/modules/moment/indexc052.html]
[ftp.feq.ufu.br/Luis_Claudio/HYBRID/mpt_ver262/mpt/yalmip/modules/moment/indexf8a0.html]
[ftp.feq.ufu.br/Luis_Claudio/HYBRID/mpt_ver262/mpt/yalmip/modules/moment/indexbfec.html]
[ftp.feq.ufu.br/Luis_Claudio/HYBRID/mpt_ver262/mpt/yalmip/modules/moment/index30b5.html]
[ftp.feq.ufu.br/Luis_Claudio/HYBRID/mpt_ver262/mpt/yalmip/modules/parametric/indexc052.html]
[ftp.feq.ufu.br/Luis_Claudio/HYBRID/mpt_ver262/mpt/yalmip/modules/parametric/indexf8a0.html]
[ftp.feq.ufu.br/Luis_Claudio/HYBRID/mpt_ver262/mpt/yalmip/modules/parametric/indexbfec.html]
[ftp.feq.ufu.br/Luis_Claudio/HYBRID/mpt_ver262/mpt/yalmip/modules/parametric/index30b5.html]
[ftp.feq.ufu.br/Luis_Claudio/HYBRID/mpt_ver262/mpt/yalmip/modules/robust/indexc052.html]
[ftp.feq.ufu.br/Luis_Claudio/HYBRID/mpt_ver262/mpt/yalmip/modules/robust/indexf8a0.html]
[ftp.feq.ufu.br/Luis_Claudio/HYBRID/mpt_ver262/mpt/yalmip/modules/robust/indexbfec.html]
[ftp.feq.ufu.br/Luis_Claudio/HYBRID/mpt_ver262/mpt/yalmip/modules/robust/index30b5.html]
[ftp.feq.ufu.br/Luis_Claudio/HYBRID/mpt_ver262/mpt/yalmip/modules/sos/indexc052.html]
[ftp.feq.ufu.br/Luis_Claudio/HYBRID/mpt_ver262/mpt/yalmip/modules/sos/indexf8a0.html]
[ftp.feq.ufu.br/Luis_Claudio/HYBRID/mpt_ver262/mpt/yalmip/modules/sos/indexbfec.html]
[ftp.feq.ufu.br/Luis_Claudio/HYBRID/mpt_ver262/mpt/yalmip/modules/sos/index30b5.html]
[ftp.feq.ufu.br/Luis_Claudio/HYBRID/mpt_ver262/mpt/yalmip/operators/indexb70a.html]
[ftp.feq.ufu.br/Luis_Claudio/HYBRID/mpt_ver262/mpt/yalmip/operators/index72c9.html]
[ftp.feq.ufu.br/Luis_Claudio/HYBRID/mpt_ver262/mpt/yalmip/operators/index5851.html]
[ftp.feq.ufu.br/Luis_Claudio/HYBRID/mpt_ver262/mpt/yalmip/operators/indexad3f.html]
[ftp.feq.ufu.br/Luis_Claudio/HYBRID/mpt_ver262/mpt/yalmip/solvers/indexb70a.html]
[ftp.feq.ufu.br/Luis_Claudio/HYBRID/mpt_ver262/mpt/yalmip/solvers/index72c9.html]
[ftp.feq.ufu.br/Luis_Claudio/HYBRID/mpt_ver262/mpt/yalmip/solvers/index5851.html]
[ftp.feq.ufu.br/Luis_Claudio/HYBRID/mpt_ver262/mpt/yalmip/solvers/indexad3f.html]
[ftp.feq.ufu.br/Luis_Claudio/HYBRID/mpt_ver262/mpt/yalmip/extras/@blkvar/indexb70a.html]
[ftp.feq.ufu.br/Luis_Claudio/HYBRID/mpt_ver262/mpt/yalmip/extras/@blkvar/index72c9.html]
[ftp.feq.ufu.br/Luis_Claudio/HYBRID/mpt_ver262/mpt/yalmip/extras/@blkvar/index5851.html]
[ftp.feq.ufu.br/Luis_Claudio/HYBRID/mpt_ver262/mpt/yalmip/extras/@blkvar/indexad3f.html]
[ftp.feq.ufu.br/Luis_Claudio/HYBRID/mpt_ver262/mpt/yalmip/extras/@char/indexb70a.html]
[ftp.feq.ufu.br/Luis_Claudio/HYBRID/mpt_ver262/mpt/yalmip/extras/@char/index72c9.html]
[ftp.feq.ufu.br/Luis_Claudio/HYBRID/mpt_ver262/mpt/yalmip/extras/@char/index5851.html]
[ftp.feq.ufu.br/Luis_Claudio/HYBRID/mpt_ver262/mpt/yalmip/extras/@char/indexad3f.html]
[ftp.feq.ufu.br/Luis_Claudio/HYBRID/mpt_ver262/mpt/yalmip/extras/@constraint/indexb70a.html]
[ftp.feq.ufu.br/Luis_Claudio/HYBRID/mpt_ver262/mpt/yalmip/extras/@constraint/index72c9.html]
[ftp.feq.ufu.br/Luis_Claudio/HYBRID/mpt_ver262/mpt/yalmip/extras/@constraint/index5851.html]
[ftp.feq.ufu.br/Luis_Claudio/HYBRID/mpt_ver262/mpt/yalmip/extras/@constraint/indexad3f.html]
[ftp.feq.ufu.br/Luis_Claudio/HYBRID/mpt_ver262/mpt/yalmip/extras/@double/indexb70a.html]
[ftp.feq.ufu.br/Luis_Claudio/HYBRID/mpt_ver262/mpt/yalmip/extras/@double/index72c9.html]
[ftp.feq.ufu.br/Luis_Claudio/HYBRID/mpt_ver262/mpt/yalmip/extras/@double/index5851.html]
[ftp.feq.ufu.br/Luis_Claudio/HYBRID/mpt_ver262/mpt/yalmip/extras/@double/indexad3f.html]
[ftp.feq.ufu.br/Luis_Claudio/HYBRID/mpt_ver262/mpt/yalmip/extras/@lazybasis/indexb70a.html]
[ftp.feq.ufu.br/Luis_Claudio/HYBRID/mpt_ver262/mpt/yalmip/extras/@lazybasis/index72c9.html]
[ftp.feq.ufu.br/Luis_Claudio/HYBRID/mpt_ver262/mpt/yalmip/extras/@lazybasis/index5851.html]
[ftp.feq.ufu.br/Luis_Claudio/HYBRID/mpt_ver262/mpt/yalmip/extras/@lazybasis/indexad3f.html]
[ftp.feq.ufu.br/Luis_Claudio/HYBRID/mpt_ver262/mpt/yalmip/extras/@lmi/indexb70a.html]
[ftp.feq.ufu.br/Luis_Claudio/HYBRID/mpt_ver262/mpt/yalmip/extras/@lmi/index72c9.html]
[ftp.feq.ufu.br/Luis_Claudio/HYBRID/mpt_ver262/mpt/yalmip/extras/@lmi/index5851.html]
[ftp.feq.ufu.br/Luis_Claudio/HYBRID/mpt_ver262/mpt/yalmip/extras/@lmi/indexad3f.html]
[ftp.feq.ufu.br/Luis_Claudio/HYBRID/mpt_ver262/mpt/yalmip/extras/@logdet/indexb70a.html]
[ftp.feq.ufu.br/Luis_Claudio/HYBRID/mpt_ver262/mpt/yalmip/extras/@logdet/index72c9.html]
[ftp.feq.ufu.br/Luis_Claudio/HYBRID/mpt_ver262/mpt/yalmip/extras/@logdet/index5851.html]
[ftp.feq.ufu.br/Luis_Claudio/HYBRID/mpt_ver262/mpt/yalmip/extras/@logdet/indexad3f.html]
[ftp.feq.ufu.br/Luis_Claudio/HYBRID/mpt_ver262/mpt/yalmip/extras/@logical/indexb70a.html]
[ftp.feq.ufu.br/Luis_Claudio/HYBRID/mpt_ver262/mpt/yalmip/extras/@logical/index72c9.html]
[ftp.feq.ufu.br/Luis_Claudio/HYBRID/mpt_ver262/mpt/yalmip/extras/@logical/index5851.html]
[ftp.feq.ufu.br/Luis_Claudio/HYBRID/mpt_ver262/mpt/yalmip/extras/@logical/indexad3f.html]
[ftp.feq.ufu.br/Luis_Claudio/HYBRID/mpt_ver262/mpt/yalmip/extras/@ncvar/indexb70a.html]
[ftp.feq.ufu.br/Luis_Claudio/HYBRID/mpt_ver262/mpt/yalmip/extras/@ncvar/index72c9.html]
[ftp.feq.ufu.br/Luis_Claudio/HYBRID/mpt_ver262/mpt/yalmip/extras/@ncvar/index5851.html]
[ftp.feq.ufu.br/Luis_Claudio/HYBRID/mpt_ver262/mpt/yalmip/extras/@ncvar/indexad3f.html]
[ftp.feq.ufu.br/Luis_Claudio/HYBRID/mpt_ver262/mpt/yalmip/extras/@ndsdpvar/indexb70a.html]
[ftp.feq.ufu.br/Luis_Claudio/HYBRID/mpt_ver262/mpt/yalmip/extras/@ndsdpvar/index72c9.html]
[ftp.feq.ufu.br/Luis_Claudio/HYBRID/mpt_ver262/mpt/yalmip/extras/@ndsdpvar/index5851.html]
[ftp.feq.ufu.br/Luis_Claudio/HYBRID/mpt_ver262/mpt/yalmip/extras/@ndsdpvar/indexad3f.html]
[ftp.feq.ufu.br/Luis_Claudio/HYBRID/mpt_ver262/mpt/yalmip/extras/@optimizer/indexb70a.html]
[ftp.feq.ufu.br/Luis_Claudio/HYBRID/mpt_ver262/mpt/yalmip/extras/@optimizer/index72c9.html]
[ftp.feq.ufu.br/Luis_Claudio/HYBRID/mpt_ver262/mpt/yalmip/extras/@optimizer/index5851.html]
[ftp.feq.ufu.br/Luis_Claudio/HYBRID/mpt_ver262/mpt/yalmip/extras/@optimizer/indexad3f.html]
[ftp.feq.ufu.br/Luis_Claudio/HYBRID/mpt_ver262/mpt/yalmip/modules/global/indexb70a.html]
[ftp.feq.ufu.br/Luis_Claudio/HYBRID/mpt_ver262/mpt/yalmip/modules/global/index72c9.html]
[ftp.feq.ufu.br/Luis_Claudio/HYBRID/mpt_ver262/mpt/yalmip/modules/global/index5851.html]
[ftp.feq.ufu.br/Luis_Claudio/HYBRID/mpt_ver262/mpt/yalmip/modules/global/indexad3f.html]
[ftp.feq.ufu.br/Luis_Claudio/HYBRID/mpt_ver262/mpt/yalmip/modules/moment/indexb70a.html]
[ftp.feq.ufu.br/Luis_Claudio/HYBRID/mpt_ver262/mpt/yalmip/modules/moment/index72c9.html]
[ftp.feq.ufu.br/Luis_Claudio/HYBRID/mpt_ver262/mpt/yalmip/modules/moment/index5851.html]
[ftp.feq.ufu.br/Luis_Claudio/HYBRID/mpt_ver262/mpt/yalmip/modules/moment/indexad3f.html]
[ftp.feq.ufu.br/Luis_Claudio/HYBRID/mpt_ver262/mpt/yalmip/modules/parametric/indexb70a.html]
[ftp.feq.ufu.br/Luis_Claudio/HYBRID/mpt_ver262/mpt/yalmip/modules/parametric/index72c9.html]
[ftp.feq.ufu.br/Luis_Claudio/HYBRID/mpt_ver262/mpt/yalmip/modules/parametric/index5851.html]
[ftp.feq.ufu.br/Luis_Claudio/HYBRID/mpt_ver262/mpt/yalmip/modules/parametric/indexad3f.html]
[ftp.feq.ufu.br/Luis_Claudio/HYBRID/mpt_ver262/mpt/yalmip/modules/robust/indexb70a.html]
[ftp.feq.ufu.br/Luis_Claudio/HYBRID/mpt_ver262/mpt/yalmip/modules/robust/index72c9.html]
[ftp.feq.ufu.br/Luis_Claudio/HYBRID/mpt_ver262/mpt/yalmip/modules/robust/index5851.html]
[ftp.feq.ufu.br/Luis_Claudio/HYBRID/mpt_ver262/mpt/yalmip/modules/robust/indexad3f.html]
[ftp.feq.ufu.br/Luis_Claudio/HYBRID/mpt_ver262/mpt/yalmip/modules/sos/indexb70a.html]
[ftp.feq.ufu.br/Luis_Claudio/HYBRID/mpt_ver262/mpt/yalmip/modules/sos/index72c9.html]
[ftp.feq.ufu.br/Luis_Claudio/HYBRID/mpt_ver262/mpt/yalmip/modules/sos/index5851.html]
[ftp.feq.ufu.br/Luis_Claudio/HYBRID/mpt_ver262/mpt/yalmip/modules/sos/indexad3f.html]
[ftp.feq.ufu.br/Luis_Claudio/HYBRID/mpt_ver262/mpt/yalmip/@sdpvar/index.html]
[ftp.feq.ufu.br/Luis_Claudio/HYBRID/mpt_ver262/mpt/yalmip/Contents.html]
[ftp.feq.ufu.br/Luis_Claudio/HYBRID/mpt_ver262/mpt/yalmip/solvesdp.html]
[ftp.feq.ufu.br/Luis_Claudio/HYBRID/mpt_ver262/mpt/yalmip/yalmipdemo.html]
[ftp.feq.ufu.br/Luis_Claudio/HYBRID/mpt_ver262/mpt/yalmip/yalmiptest.html]
[ftp.feq.ufu.br/Luis_Claudio/HYBRID/mpt_ver262/mpt/yalmip/@sdpvar/Contents.html]
[ftp.feq.ufu.br/Luis_Claudio/HYBRID/mpt_ver262/mpt/yalmip/@sdpvar/abs.html]
[ftp.feq.ufu.br/Luis_Claudio/HYBRID/mpt_ver262/mpt/yalmip/@sdpvar/and.html]
[ftp.feq.ufu.br/Luis_Claudio/HYBRID/mpt_ver262/mpt/yalmip/@sdpvar/any.html]
[ftp.feq.ufu.br/Luis_Claudio/HYBRID/mpt_ver262/mpt/yalmip/@sdpvar/assign.html]
[ftp.feq.ufu.br/Luis_Claudio/HYBRID/mpt_ver262/mpt/yalmip/@sdpvar/binary.html]
[ftp.feq.ufu.br/Luis_Claudio/HYBRID/mpt_ver262/mpt/yalmip/@sdpvar/blkdiag.html]
[ftp.feq.ufu.br/Luis_Claudio/HYBRID/mpt_ver262/mpt/yalmip/@sdpvar/bounds.html]
[ftp.feq.ufu.br/Luis_Claudio/HYBRID/mpt_ver262/mpt/yalmip/@sdpvar/brutepersp.html]
[ftp.feq.ufu.br/Luis_Claudio/HYBRID/mpt_ver262/mpt/yalmip/@sdpvar/cat.html]
[ftp.feq.ufu.br/Luis_Claudio/HYBRID/mpt_ver262/mpt/yalmip/@sdpvar/ceil.html]
[ftp.feq.ufu.br/Luis_Claudio/HYBRID/mpt_ver262/mpt/yalmip/@sdpvar/circshift.html]
[ftp.feq.ufu.br/Luis_Claudio/HYBRID/mpt_ver262/mpt/yalmip/@sdpvar/clean.html]
[ftp.feq.ufu.br/Luis_Claudio/HYBRID/mpt_ver262/mpt/yalmip/@sdpvar/clearsdpvar.html]
[ftp.feq.ufu.br/Luis_Claudio/HYBRID/mpt_ver262/mpt/yalmip/@sdpvar/cone.html]
[ftp.feq.ufu.br/Luis_Claudio/HYBRID/mpt_ver262/mpt/yalmip/@sdpvar/conj.html]
[ftp.feq.ufu.br/Luis_Claudio/HYBRID/mpt_ver262/mpt/yalmip/@sdpvar/conv.html]
[ftp.feq.ufu.br/Luis_Claudio/HYBRID/mpt_ver262/mpt/yalmip/@sdpvar/cos.html]
[ftp.feq.ufu.br/Luis_Claudio/HYBRID/mpt_ver262/mpt/yalmip/@sdpvar/ctranspose.html]
[ftp.feq.ufu.br/Luis_Claudio/HYBRID/mpt_ver262/mpt/yalmip/@sdpvar/cut.html]
[ftp.feq.ufu.br/Luis_Claudio/HYBRID/mpt_ver262/mpt/yalmip/@sdpvar/degreduce.html]
[ftp.feq.ufu.br/Luis_Claudio/HYBRID/mpt_ver262/mpt/yalmip/@sdpvar/degree.html]
[ftp.feq.ufu.br/Luis_Claudio/HYBRID/mpt_ver262/mpt/yalmip/@sdpvar/depends.html]
[ftp.feq.ufu.br/Luis_Claudio/HYBRID/mpt_ver262/mpt/yalmip/@sdpvar/det.html]
[ftp.feq.ufu.br/Luis_Claudio/HYBRID/mpt_ver262/mpt/yalmip/@sdpvar/diag.html]
[ftp.feq.ufu.br/Luis_Claudio/HYBRID/mpt_ver262/mpt/yalmip/@sdpvar/diff.html]
[ftp.feq.ufu.br/Luis_Claudio/HYBRID/mpt_ver262/mpt/yalmip/@sdpvar/display.html]
[ftp.feq.ufu.br/Luis_Claudio/HYBRID/mpt_ver262/mpt/yalmip/@sdpvar/domain.html]
[ftp.feq.ufu.br/Luis_Claudio/HYBRID/mpt_ver262/mpt/yalmip/@sdpvar/double.html]
[ftp.feq.ufu.br/Luis_Claudio/HYBRID/mpt_ver262/mpt/yalmip/@sdpvar/eig.html]
[ftp.feq.ufu.br/Luis_Claudio/HYBRID/mpt_ver262/mpt/yalmip/@sdpvar/eliminateBinary.html]
[ftp.feq.ufu.br/Luis_Claudio/HYBRID/mpt_ver262/mpt/yalmip/@sdpvar/end.html]
[ftp.feq.ufu.br/Luis_Claudio/HYBRID/mpt_ver262/mpt/yalmip/@sdpvar/eq.html]
[ftp.feq.ufu.br/Luis_Claudio/HYBRID/mpt_ver262/mpt/yalmip/@sdpvar/exp.html]
[ftp.feq.ufu.br/Luis_Claudio/HYBRID/mpt_ver262/mpt/yalmip/@sdpvar/expanded.html]
[ftp.feq.ufu.br/Luis_Claudio/HYBRID/mpt_ver262/mpt/yalmip/@sdpvar/exponents.html]
[ftp.feq.ufu.br/Luis_Claudio/HYBRID/mpt_ver262/mpt/yalmip/@sdpvar/extractkyp.html]
[ftp.feq.ufu.br/Luis_Claudio/HYBRID/mpt_ver262/mpt/yalmip/@sdpvar/false.html]
[ftp.feq.ufu.br/Luis_Claudio/HYBRID/mpt_ver262/mpt/yalmip/@sdpvar/find.html]
[ftp.feq.ufu.br/Luis_Claudio/HYBRID/mpt_ver262/mpt/yalmip/@sdpvar/fliplr.html]
[ftp.feq.ufu.br/Luis_Claudio/HYBRID/mpt_ver262/mpt/yalmip/@sdpvar/flipud.html]
[ftp.feq.ufu.br/Luis_Claudio/HYBRID/mpt_ver262/mpt/yalmip/@sdpvar/floor.html]
[ftp.feq.ufu.br/Luis_Claudio/HYBRID/mpt_ver262/mpt/yalmip/@sdpvar/ge.html]
[ftp.feq.ufu.br/Luis_Claudio/HYBRID/mpt_ver262/mpt/yalmip/@sdpvar/generateAB.html]
[ftp.feq.ufu.br/Luis_Claudio/HYBRID/mpt_ver262/mpt/yalmip/@sdpvar/geomean.html]
[ftp.feq.ufu.br/Luis_Claudio/HYBRID/mpt_ver262/mpt/yalmip/@sdpvar/getbase.html]
[ftp.feq.ufu.br/Luis_Claudio/HYBRID/mpt_ver262/mpt/yalmip/@sdpvar/getbasematrix.html]
[ftp.feq.ufu.br/Luis_Claudio/HYBRID/mpt_ver262/mpt/yalmip/@sdpvar/getbasematrixwithoutcheck.html]
[ftp.feq.ufu.br/Luis_Claudio/HYBRID/mpt_ver262/mpt/yalmip/@sdpvar/getbasevectorwithoutcheck.html]
[ftp.feq.ufu.br/Luis_Claudio/HYBRID/mpt_ver262/mpt/yalmip/@sdpvar/gethackflag.html]
[ftp.feq.ufu.br/Luis_Claudio/HYBRID/mpt_ver262/mpt/yalmip/@sdpvar/getsosrank.html]
[ftp.feq.ufu.br/Luis_Claudio/HYBRID/mpt_ver262/mpt/yalmip/@sdpvar/getvariables.html]
[ftp.feq.ufu.br/Luis_Claudio/HYBRID/mpt_ver262/mpt/yalmip/@sdpvar/getvariablesvector.html]
[ftp.feq.ufu.br/Luis_Claudio/HYBRID/mpt_ver262/mpt/yalmip/@sdpvar/gt.html]
[ftp.feq.ufu.br/Luis_Claudio/HYBRID/mpt_ver262/mpt/yalmip/@sdpvar/hankel.html]
[ftp.feq.ufu.br/Luis_Claudio/HYBRID/mpt_ver262/mpt/yalmip/@sdpvar/homogenize.html]
[ftp.feq.ufu.br/Luis_Claudio/HYBRID/mpt_ver262/mpt/yalmip/@sdpvar/horzcat.html]
[ftp.feq.ufu.br/Luis_Claudio/HYBRID/mpt_ver262/mpt/yalmip/@sdpvar/imag.html]
[ftp.feq.ufu.br/Luis_Claudio/HYBRID/mpt_ver262/mpt/yalmip/@sdpvar/integer.html]
[ftp.feq.ufu.br/Luis_Claudio/HYBRID/mpt_ver262/mpt/yalmip/@sdpvar/is.html]
[ftp.feq.ufu.br/Luis_Claudio/HYBRID/mpt_ver262/mpt/yalmip/@sdpvar/isconvex.html]
[ftp.feq.ufu.br/Luis_Claudio/HYBRID/mpt_ver262/mpt/yalmip/@sdpvar/isequal.html]
[ftp.feq.ufu.br/Luis_Claudio/HYBRID/mpt_ver262/mpt/yalmip/@sdpvar/ishermitian.html]
[ftp.feq.ufu.br/Luis_Claudio/HYBRID/mpt_ver262/mpt/yalmip/@sdpvar/isinteger.html]
[ftp.feq.ufu.br/Luis_Claudio/HYBRID/mpt_ver262/mpt/yalmip/@sdpvar/islinear.html]
[ftp.feq.ufu.br/Luis_Claudio/HYBRID/mpt_ver262/mpt/yalmip/@sdpvar/ismember.html]
[ftp.feq.ufu.br/Luis_Claudio/HYBRID/mpt_ver262/mpt/yalmip/@sdpvar/ismember_internal.html]
[ftp.feq.ufu.br/Luis_Claudio/HYBRID/mpt_ver262/mpt/yalmip/@sdpvar/isreal.html]
[ftp.feq.ufu.br/Luis_Claudio/HYBRID/mpt_ver262/mpt/yalmip/@sdpvar/issymmetric.html]
[ftp.feq.ufu.br/Luis_Claudio/HYBRID/mpt_ver262/mpt/yalmip/@sdpvar/jacobian.html]
[ftp.feq.ufu.br/Luis_Claudio/HYBRID/mpt_ver262/mpt/yalmip/@sdpvar/kron.html]
[ftp.feq.ufu.br/Luis_Claudio/HYBRID/mpt_ver262/mpt/yalmip/@sdpvar/kyp.html]
[ftp.feq.ufu.br/Luis_Claudio/HYBRID/mpt_ver262/mpt/yalmip/@sdpvar/le.html]
[ftp.feq.ufu.br/Luis_Claudio/HYBRID/mpt_ver262/mpt/yalmip/@sdpvar/length.html]
[ftp.feq.ufu.br/Luis_Claudio/HYBRID/mpt_ver262/mpt/yalmip/@sdpvar/loadobj.html]
[ftp.feq.ufu.br/Luis_Claudio/HYBRID/mpt_ver262/mpt/yalmip/@sdpvar/log.html]
[ftp.feq.ufu.br/Luis_Claudio/HYBRID/mpt_ver262/mpt/yalmip/@sdpvar/log2.html]
[ftp.feq.ufu.br/Luis_Claudio/HYBRID/mpt_ver262/mpt/yalmip/@sdpvar/log10.html]
[ftp.feq.ufu.br/Luis_Claudio/HYBRID/mpt_ver262/mpt/yalmip/@sdpvar/lt.html]
[ftp.feq.ufu.br/Luis_Claudio/HYBRID/mpt_ver262/mpt/yalmip/@sdpvar/max.html]
[ftp.feq.ufu.br/Luis_Claudio/HYBRID/mpt_ver262/mpt/yalmip/@sdpvar/median.html]
[ftp.feq.ufu.br/Luis_Claudio/HYBRID/mpt_ver262/mpt/yalmip/@sdpvar/min.html]
[ftp.feq.ufu.br/Luis_Claudio/HYBRID/mpt_ver262/mpt/yalmip/@sdpvar/minus.html]
[ftp.feq.ufu.br/Luis_Claudio/HYBRID/mpt_ver262/mpt/yalmip/@sdpvar/mldivide.html]
[ftp.feq.ufu.br/Luis_Claudio/HYBRID/mpt_ver262/mpt/yalmip/@sdpvar/model.html]
[ftp.feq.ufu.br/Luis_Claudio/HYBRID/mpt_ver262/mpt/yalmip/@sdpvar/mpower.html]
[ftp.feq.ufu.br/Luis_Claudio/HYBRID/mpt_ver262/mpt/yalmip/@sdpvar/mrdivide.html]
[ftp.feq.ufu.br/Luis_Claudio/HYBRID/mpt_ver262/mpt/yalmip/@sdpvar/mtimes.html]
[ftp.feq.ufu.br/Luis_Claudio/HYBRID/mpt_ver262/mpt/yalmip/@sdpvar/ne.html]
[ftp.feq.ufu.br/Luis_Claudio/HYBRID/mpt_ver262/mpt/yalmip/@sdpvar/nnz.html]
[ftp.feq.ufu.br/Luis_Claudio/HYBRID/mpt_ver262/mpt/yalmip/@sdpvar/nonlineartocone.html]
[ftp.feq.ufu.br/Luis_Claudio/HYBRID/mpt_ver262/mpt/yalmip/@sdpvar/norm.html]
[ftp.feq.ufu.br/Luis_Claudio/HYBRID/mpt_ver262/mpt/yalmip/@sdpvar/not.html]
[ftp.feq.ufu.br/Luis_Claudio/HYBRID/mpt_ver262/mpt/yalmip/@sdpvar/numel.html]
[ftp.feq.ufu.br/Luis_Claudio/HYBRID/mpt_ver262/mpt/yalmip/@sdpvar/or.html]
[ftp.feq.ufu.br/Luis_Claudio/HYBRID/mpt_ver262/mpt/yalmip/@sdpvar/parametric.html]
[ftp.feq.ufu.br/Luis_Claudio/HYBRID/mpt_ver262/mpt/yalmip/@sdpvar/plot.html]
[ftp.feq.ufu.br/Luis_Claudio/HYBRID/mpt_ver262/mpt/yalmip/@sdpvar/plus.html]
[ftp.feq.ufu.br/Luis_Claudio/HYBRID/mpt_ver262/mpt/yalmip/@sdpvar/poly.html]
[ftp.feq.ufu.br/Luis_Claudio/HYBRID/mpt_ver262/mpt/yalmip/@sdpvar/polynomial.html]
[ftp.feq.ufu.br/Luis_Claudio/HYBRID/mpt_ver262/mpt/yalmip/@sdpvar/pow2.html]
[ftp.feq.ufu.br/Luis_Claudio/HYBRID/mpt_ver262/mpt/yalmip/@sdpvar/pow10.html]
[ftp.feq.ufu.br/Luis_Claudio/HYBRID/mpt_ver262/mpt/yalmip/@sdpvar/power.html]
[ftp.feq.ufu.br/Luis_Claudio/HYBRID/mpt_ver262/mpt/yalmip/@sdpvar/prod.html]
[ftp.feq.ufu.br/Luis_Claudio/HYBRID/mpt_ver262/mpt/yalmip/@sdpvar/pwa.html]
[ftp.feq.ufu.br/Luis_Claudio/HYBRID/mpt_ver262/mpt/yalmip/@sdpvar/pwadynamics.html]
[ftp.feq.ufu.br/Luis_Claudio/HYBRID/mpt_ver262/mpt/yalmip/@sdpvar/quaddecomp.html]
[ftp.feq.ufu.br/Luis_Claudio/HYBRID/mpt_ver262/mpt/yalmip/@sdpvar/rank.html]
[ftp.feq.ufu.br/Luis_Claudio/HYBRID/mpt_ver262/mpt/yalmip/@sdpvar/rcone.html]
[ftp.feq.ufu.br/Luis_Claudio/HYBRID/mpt_ver262/mpt/yalmip/@sdpvar/rdivide.html]
[ftp.feq.ufu.br/Luis_Claudio/HYBRID/mpt_ver262/mpt/yalmip/@sdpvar/real.html]
[ftp.feq.ufu.br/Luis_Claudio/HYBRID/mpt_ver262/mpt/yalmip/@sdpvar/recovermonoms.html]
[ftp.feq.ufu.br/Luis_Claudio/HYBRID/mpt_ver262/mpt/yalmip/@sdpvar/relaxdouble.html]
[ftp.feq.ufu.br/Luis_Claudio/HYBRID/mpt_ver262/mpt/yalmip/@sdpvar/replace.html]
[ftp.feq.ufu.br/Luis_Claudio/HYBRID/mpt_ver262/mpt/yalmip/@sdpvar/repmat.html]
[ftp.feq.ufu.br/Luis_Claudio/HYBRID/mpt_ver262/mpt/yalmip/@sdpvar/reshape.html]
[ftp.feq.ufu.br/Luis_Claudio/HYBRID/mpt_ver262/mpt/yalmip/@sdpvar/rot90.html]
[ftp.feq.ufu.br/Luis_Claudio/HYBRID/mpt_ver262/mpt/yalmip/@sdpvar/saveobj.html]
[ftp.feq.ufu.br/Luis_Claudio/HYBRID/mpt_ver262/mpt/yalmip/@sdpvar/sdp2mat.html]
[ftp.feq.ufu.br/Luis_Claudio/HYBRID/mpt_ver262/mpt/yalmip/@sdpvar/sdpvar.html]
[ftp.feq.ufu.br/Luis_Claudio/HYBRID/mpt_ver262/mpt/yalmip/@sdpvar/sdpvarfun.html]
[ftp.feq.ufu.br/Luis_Claudio/HYBRID/mpt_ver262/mpt/yalmip/@sdpvar/see.html]
[ftp.feq.ufu.br/Luis_Claudio/HYBRID/mpt_ver262/mpt/yalmip/@sdpvar/set.html]
[ftp.feq.ufu.br/Luis_Claudio/HYBRID/mpt_ver262/mpt/yalmip/@sdpvar/sethackflag.html]
[ftp.feq.ufu.br/Luis_Claudio/HYBRID/mpt_ver262/mpt/yalmip/@sdpvar/setsdpvar.html]
[ftp.feq.ufu.br/Luis_Claudio/HYBRID/mpt_ver262/mpt/yalmip/@sdpvar/setsos.html]
[ftp.feq.ufu.br/Luis_Claudio/HYBRID/mpt_ver262/mpt/yalmip/@sdpvar/shiftdim.html]
[ftp.feq.ufu.br/Luis_Claudio/HYBRID/mpt_ver262/mpt/yalmip/@sdpvar/sign.html]
[ftp.feq.ufu.br/Luis_Claudio/HYBRID/mpt_ver262/mpt/yalmip/@sdpvar/simplify.html]
[ftp.feq.ufu.br/Luis_Claudio/HYBRID/mpt_ver262/mpt/yalmip/@sdpvar/sin.html]
[ftp.feq.ufu.br/Luis_Claudio/HYBRID/mpt_ver262/mpt/yalmip/@sdpvar/size.html]
[ftp.feq.ufu.br/Luis_Claudio/HYBRID/mpt_ver262/mpt/yalmip/@sdpvar/sort.html]
[ftp.feq.ufu.br/Luis_Claudio/HYBRID/mpt_ver262/mpt/yalmip/@sdpvar/sos.html]
[ftp.feq.ufu.br/Luis_Claudio/HYBRID/mpt_ver262/mpt/yalmip/@sdpvar/sosd.html]
[users.cecs.anu.edu.au/_robert/publications/cOHM04.pdf]
[ftp.feq.ufu.br/Luis_Claudio/HYBRID/mpt_ver262/mpt/yalmip/@sdpvar/sparse.html]
[ftp.feq.ufu.br/Luis_Claudio/HYBRID/mpt_ver262/mpt/yalmip/@sdpvar/spy.html]
[ftp.feq.ufu.br/Luis_Claudio/HYBRID/mpt_ver262/mpt/yalmip/@sdpvar/sqr.html]
[ftp.feq.ufu.br/Luis_Claudio/HYBRID/mpt_ver262/mpt/yalmip/@sdpvar/sqrt.html]
[ftp.feq.ufu.br/Luis_Claudio/HYBRID/mpt_ver262/mpt/yalmip/@sdpvar/sqrtm.html]
[ftp.feq.ufu.br/Luis_Claudio/HYBRID/mpt_ver262/mpt/yalmip/@sdpvar/sqrtm_internal.html]
[ftp.feq.ufu.br/Luis_Claudio/HYBRID/mpt_ver262/mpt/yalmip/@sdpvar/stackcell.html]
[ftp.feq.ufu.br/Luis_Claudio/HYBRID/mpt_ver262/mpt/yalmip/@sdpvar/subsasgn.html]
[ftp.feq.ufu.br/Luis_Claudio/HYBRID/mpt_ver262/mpt/yalmip/@sdpvar/subsref.html]
[ftp.feq.ufu.br/Luis_Claudio/HYBRID/mpt_ver262/mpt/yalmip/@sdpvar/sum.html]
[ftp.feq.ufu.br/Luis_Claudio/HYBRID/mpt_ver262/mpt/yalmip/@sdpvar/sumsum.html]
[ftp.feq.ufu.br/Luis_Claudio/HYBRID/mpt_ver262/mpt/yalmip/@sdpvar/sym.html]
[ftp.feq.ufu.br/Luis_Claudio/HYBRID/mpt_ver262/mpt/yalmip/@sdpvar/tan.html]
[ftp.feq.ufu.br/Luis_Claudio/HYBRID/mpt_ver262/mpt/yalmip/@sdpvar/times.html]
[ftp.feq.ufu.br/Luis_Claudio/HYBRID/mpt_ver262/mpt/yalmip/@sdpvar/toeplitz.html]
[ftp.feq.ufu.br/Luis_Claudio/HYBRID/mpt_ver262/mpt/yalmip/@sdpvar/trace.html]
[ftp.feq.ufu.br/Luis_Claudio/HYBRID/mpt_ver262/mpt/yalmip/@sdpvar/transpose.html]
[ftp.feq.ufu.br/Luis_Claudio/HYBRID/mpt_ver262/mpt/yalmip/@sdpvar/tril.html]
[ftp.feq.ufu.br/Luis_Claudio/HYBRID/mpt_ver262/mpt/yalmip/@sdpvar/triu.html]
[ftp.feq.ufu.br/Luis_Claudio/HYBRID/mpt_ver262/mpt/yalmip/@sdpvar/true.html]
[ftp.feq.ufu.br/Luis_Claudio/HYBRID/mpt_ver262/mpt/yalmip/@sdpvar/uminus.html]
[ftp.feq.ufu.br/Luis_Claudio/HYBRID/mpt_ver262/mpt/yalmip/@sdpvar/uncertain.html]
[ftp.feq.ufu.br/Luis_Claudio/HYBRID/mpt_ver262/mpt/yalmip/@sdpvar/unique.html]
[ftp.feq.ufu.br/Luis_Claudio/HYBRID/mpt_ver262/mpt/yalmip/@sdpvar/uplus.html]
[ftp.feq.ufu.br/Luis_Claudio/HYBRID/mpt_ver262/mpt/yalmip/@sdpvar/var.html]
[ftp.feq.ufu.br/Luis_Claudio/HYBRID/mpt_ver262/mpt/yalmip/@sdpvar/vertcat.html]
[ftp.feq.ufu.br/Luis_Claudio/HYBRID/mpt_ver262/mpt/yalmip/demos/basicsex.html]
[ftp.feq.ufu.br/Luis_Claudio/HYBRID/mpt_ver262/mpt/yalmip/demos/bmiex1.html]
[ftp.feq.ufu.br/Luis_Claudio/HYBRID/mpt_ver262/mpt/yalmip/demos/bmiex2.html]
[ftp.feq.ufu.br/Luis_Claudio/HYBRID/mpt_ver262/mpt/yalmip/demos/bmiex3.html]
[ftp.feq.ufu.br/Luis_Claudio/HYBRID/mpt_ver262/mpt/yalmip/demos/complexex.html]
[ftp.feq.ufu.br/Luis_Claudio/HYBRID/mpt_ver262/mpt/yalmip/demos/decaybmiex.html]
[ftp.feq.ufu.br/Luis_Claudio/HYBRID/mpt_ver262/mpt/yalmip/demos/decayex.html]
[ftp.feq.ufu.br/Luis_Claudio/HYBRID/mpt_ver262/mpt/yalmip/demos/dualex.html]
[ftp.feq.ufu.br/Luis_Claudio/HYBRID/mpt_ver262/mpt/yalmip/demos/geometricex.html]
[ftp.feq.ufu.br/Luis_Claudio/HYBRID/mpt_ver262/mpt/yalmip/demos/globalex.html]
[ftp.feq.ufu.br/Luis_Claudio/HYBRID/mpt_ver262/mpt/yalmip/demos/kypdex.html]
[ftp.feq.ufu.br/Luis_Claudio/HYBRID/mpt_ver262/mpt/yalmip/demos/maxdetex.html]
[ftp.feq.ufu.br/Luis_Claudio/HYBRID/mpt_ver262/mpt/yalmip/demos/milpex.html]
[ftp.feq.ufu.br/Luis_Claudio/HYBRID/mpt_ver262/mpt/yalmip/demos/milpmpcex.html]
[ftp.feq.ufu.br/Luis_Claudio/HYBRID/mpt_ver262/mpt/yalmip/demos/momentex.html]
[ftp.feq.ufu.br/Luis_Claudio/HYBRID/mpt_ver262/mpt/yalmip/demos/mpcex.html]
[ftp.feq.ufu.br/Luis_Claudio/HYBRID/mpt_ver262/mpt/yalmip/demos/mptex.html]
[ftp.feq.ufu.br/Luis_Claudio/HYBRID/mpt_ver262/mpt/yalmip/demos/nonlinex.html]
[ftp.feq.ufu.br/Luis_Claudio/HYBRID/mpt_ver262/mpt/yalmip/demos/nonlinopex.html]
[ftp.feq.ufu.br/Luis_Claudio/HYBRID/mpt_ver262/mpt/yalmip/demos/regressex.html]
[ftp.feq.ufu.br/Luis_Claudio/HYBRID/mpt_ver262/mpt/yalmip/demos/simstabex.html]
[ftp.feq.ufu.br/Luis_Claudio/HYBRID/mpt_ver262/mpt/yalmip/demos/socpex.html]
[ftp.feq.ufu.br/Luis_Claudio/HYBRID/mpt_ver262/mpt/yalmip/demos/sosex.html]
[ftp.feq.ufu.br/Luis_Claudio/HYBRID/mpt_ver262/mpt/yalmip/demos/stabilityex.html]
[ftp.feq.ufu.br/Luis_Claudio/HYBRID/mpt_ver262/mpt/yalmip/demos/timeglobal.html]
[ftp.feq.ufu.br/Luis_Claudio/HYBRID/mpt_ver262/mpt/yalmip/extras/SetupEvaluationVariable.html]
[ftp.feq.ufu.br/Luis_Claudio/HYBRID/mpt_ver262/mpt/yalmip/extras/addbounds.html]
[ftp.feq.ufu.br/Luis_Claudio/HYBRID/mpt_ver262/mpt/yalmip/extras/adjoint.html]
[ftp.feq.ufu.br/Luis_Claudio/HYBRID/mpt_ver262/mpt/yalmip/extras/alreadydone.html]
[ftp.feq.ufu.br/Luis_Claudio/HYBRID/mpt_ver262/mpt/yalmip/extras/amplexpr.html]
[ftp.feq.ufu.br/Luis_Claudio/HYBRID/mpt_ver262/mpt/yalmip/extras/bilinearize.html]
[ftp.feq.ufu.br/Luis_Claudio/HYBRID/mpt_ver262/mpt/yalmip/extras/binary.html]
[ftp.feq.ufu.br/Luis_Claudio/HYBRID/mpt_ver262/mpt/yalmip/extras/binaryindex.html]
[ftp.feq.ufu.br/Luis_Claudio/HYBRID/mpt_ver262/mpt/yalmip/extras/binmodel.html]
[ftp.feq.ufu.br/Luis_Claudio/HYBRID/mpt_ver262/mpt/yalmip/extras/binvar.html]
[ftp.feq.ufu.br/Luis_Claudio/HYBRID/mpt_ver262/mpt/yalmip/extras/blockdiagmoment.html]
[ftp.feq.ufu.br/Luis_Claudio/HYBRID/mpt_ver262/mpt/yalmip/extras/blocks.html]
[ftp.feq.ufu.br/Luis_Claudio/HYBRID/mpt_ver262/mpt/yalmip/extras/bmilin.html]
[ftp.feq.ufu.br/Luis_Claudio/HYBRID/mpt_ver262/mpt/yalmip/extras/checkfeasiblefast.html]
[ftp.feq.ufu.br/Luis_Claudio/HYBRID/mpt_ver262/mpt/yalmip/extras/clean.html]
[ftp.feq.ufu.br/Luis_Claudio/HYBRID/mpt_ver262/mpt/yalmip/extras/coefficients.html]
[ftp.feq.ufu.br/Luis_Claudio/HYBRID/mpt_ver262/mpt/yalmip/extras/compileinterfacedata.html]
[ftp.feq.ufu.br/Luis_Claudio/HYBRID/mpt_ver262/mpt/yalmip/extras/computeconstraintresiduals.html]
[ftp.feq.ufu.br/Luis_Claudio/HYBRID/mpt_ver262/mpt/yalmip/extras/computedimacs.html]
[ftp.feq.ufu.br/Luis_Claudio/HYBRID/mpt_ver262/mpt/yalmip/extras/convertlogics.html]
[ftp.feq.ufu.br/Luis_Claudio/HYBRID/mpt_ver262/mpt/yalmip/extras/convertquadratics.html]
[ftp.feq.ufu.br/Luis_Claudio/HYBRID/mpt_ver262/mpt/yalmip/extras/create_CHS.html]
[ftp.feq.ufu.br/Luis_Claudio/HYBRID/mpt_ver262/mpt/yalmip/extras/create_HS.html]
[ftp.feq.ufu.br/Luis_Claudio/HYBRID/mpt_ver262/mpt/yalmip/extras/createobjective.html]
[ftp.feq.ufu.br/Luis_Claudio/HYBRID/mpt_ver262/mpt/yalmip/extras/createoutput.html]
[ftp.feq.ufu.br/Luis_Claudio/HYBRID/mpt_ver262/mpt/yalmip/extras/createsdplibfile.html]
[ftp.feq.ufu.br/Luis_Claudio/HYBRID/mpt_ver262/mpt/yalmip/extras/datasaver.html]
[ftp.feq.ufu.br/Luis_Claudio/HYBRID/mpt_ver262/mpt/yalmip/extras/dec2decbin.html]
[ftp.feq.ufu.br/Luis_Claudio/HYBRID/mpt_ver262/mpt/yalmip/extras/define.html]
[ftp.feq.ufu.br/Luis_Claudio/HYBRID/mpt_ver262/mpt/yalmip/extras/degree.html]
[ftp.feq.ufu.br/Luis_Claudio/HYBRID/mpt_ver262/mpt/yalmip/extras/depends.html]
[ftp.feq.ufu.br/Luis_Claudio/HYBRID/mpt_ver262/mpt/yalmip/extras/derivebounds.html]
[ftp.feq.ufu.br/Luis_Claudio/HYBRID/mpt_ver262/mpt/yalmip/extras/detn.html]
[ftp.feq.ufu.br/Luis_Claudio/HYBRID/mpt_ver262/mpt/yalmip/extras/detset.html]
[ftp.feq.ufu.br/Luis_Claudio/HYBRID/mpt_ver262/mpt/yalmip/extras/dissect.html]
[ftp.feq.ufu.br/Luis_Claudio/HYBRID/mpt_ver262/mpt/yalmip/extras/double2sdpvar.html]
[ftp.feq.ufu.br/Luis_Claudio/HYBRID/mpt_ver262/mpt/yalmip/extras/dsdpdata.html]
[ftp.feq.ufu.br/Luis_Claudio/HYBRID/mpt_ver262/mpt/yalmip/extras/dual2cell.html]
[ftp.feq.ufu.br/Luis_Claudio/HYBRID/mpt_ver262/mpt/yalmip/extras/dualize.html]
[ftp.feq.ufu.br/Luis_Claudio/HYBRID/mpt_ver262/mpt/yalmip/extras/ellipplot.html]
[ftp.feq.ufu.br/Luis_Claudio/HYBRID/mpt_ver262/mpt/yalmip/extras/even.html]
[ftp.feq.ufu.br/Luis_Claudio/HYBRID/mpt_ver262/mpt/yalmip/extras/expanded.html]
[ftp.feq.ufu.br/Luis_Claudio/HYBRID/mpt_ver262/mpt/yalmip/extras/expandforindex.html]
[ftp.feq.ufu.br/Luis_Claudio/HYBRID/mpt_ver262/mpt/yalmip/extras/expandmodel.html]
[ftp.feq.ufu.br/Luis_Claudio/HYBRID/mpt_ver262/mpt/yalmip/extras/expandrecursive.html]
[ftp.feq.ufu.br/Luis_Claudio/HYBRID/mpt_ver262/mpt/yalmip/extras/export.html]
[ftp.feq.ufu.br/Luis_Claudio/HYBRID/mpt_ver262/mpt/yalmip/extras/extsubsref.html]
[ftp.feq.ufu.br/Luis_Claudio/HYBRID/mpt_ver262/mpt/yalmip/extras/eyev.html]
[ftp.feq.ufu.br/Luis_Claudio/HYBRID/mpt_ver262/mpt/yalmip/extras/find_variable_bounds.html]
[ftp.feq.ufu.br/Luis_Claudio/HYBRID/mpt_ver262/mpt/yalmip/extras/findapplicablesolvers.html]
[ftp.feq.ufu.br/Luis_Claudio/HYBRID/mpt_ver262/mpt/yalmip/extras/findhash.html]
[ftp.feq.ufu.br/Luis_Claudio/HYBRID/mpt_ver262/mpt/yalmip/extras/findrows.html]
[ftp.feq.ufu.br/Luis_Claudio/HYBRID/mpt_ver262/mpt/yalmip/extras/findulb.html]
[ftp.feq.ufu.br/Luis_Claudio/HYBRID/mpt_ver262/mpt/yalmip/extras/fmincon_con.html]
[ftp.feq.ufu.br/Luis_Claudio/HYBRID/mpt_ver262/mpt/yalmip/extras/fmincon_congp.html]
[ftp.feq.ufu.br/Luis_Claudio/HYBRID/mpt_ver262/mpt/yalmip/extras/fmincon_fun.html]
[ftp.feq.ufu.br/Luis_Claudio/HYBRID/mpt_ver262/mpt/yalmip/extras/fmincon_fungp.html]
[ftp.feq.ufu.br/Luis_Claudio/HYBRID/mpt_ver262/mpt/yalmip/extras/fmincon_fungrad.html]
[ftp.feq.ufu.br/Luis_Claudio/HYBRID/mpt_ver262/mpt/yalmip/extras/fmincon_funhessian.html]
[ftp.feq.ufu.br/Luis_Claudio/HYBRID/mpt_ver262/mpt/yalmip/extras/getbase.html]
[ftp.feq.ufu.br/Luis_Claudio/HYBRID/mpt_ver262/mpt/yalmip/extras/getbasematrix.html]
[ftp.feq.ufu.br/Luis_Claudio/HYBRID/mpt_ver262/mpt/yalmip/extras/getexponentbase.html]
[ftp.feq.ufu.br/Luis_Claudio/HYBRID/mpt_ver262/mpt/yalmip/extras/getvariables.html]
[ftp.feq.ufu.br/Luis_Claudio/HYBRID/mpt_ver262/mpt/yalmip/extras/gmset.html]
[ftp.feq.ufu.br/Luis_Claudio/HYBRID/mpt_ver262/mpt/yalmip/extras/hessian.html]
[ftp.feq.ufu.br/Luis_Claudio/HYBRID/mpt_ver262/mpt/yalmip/extras/imagemodel.html]
[ftp.feq.ufu.br/Luis_Claudio/HYBRID/mpt_ver262/mpt/yalmip/extras/integer.html]
[ftp.feq.ufu.br/Luis_Claudio/HYBRID/mpt_ver262/mpt/yalmip/extras/intvar.html]
[ftp.feq.ufu.br/Luis_Claudio/HYBRID/mpt_ver262/mpt/yalmip/extras/ipopt_con.html]
[ftp.feq.ufu.br/Luis_Claudio/HYBRID/mpt_ver262/mpt/yalmip/extras/ipopt_congrad.html]
[ftp.feq.ufu.br/Luis_Claudio/HYBRID/mpt_ver262/mpt/yalmip/extras/ipopt_conhess.html]
[ftp.feq.ufu.br/Luis_Claudio/HYBRID/mpt_ver262/mpt/yalmip/extras/ipopt_fun.html]
[ftp.feq.ufu.br/Luis_Claudio/HYBRID/mpt_ver262/mpt/yalmip/extras/ipopt_fungrad.html]
[ftp.feq.ufu.br/Luis_Claudio/HYBRID/mpt_ver262/mpt/yalmip/extras/ipopt_funhess.html]
[ftp.feq.ufu.br/Luis_Claudio/HYBRID/mpt_ver262/mpt/yalmip/extras/islinear.html]
[ftp.feq.ufu.br/Luis_Claudio/HYBRID/mpt_ver262/mpt/yalmip/extras/issymmetric.html]
[ftp.feq.ufu.br/Luis_Claudio/HYBRID/mpt_ver262/mpt/yalmip/extras/jacSparsity.html]
[ftp.feq.ufu.br/Luis_Claudio/HYBRID/mpt_ver262/mpt/yalmip/extras/jacSparsityGeometric.html]
[ftp.feq.ufu.br/Luis_Claudio/HYBRID/mpt_ver262/mpt/yalmip/extras/lifted.html]
[ftp.feq.ufu.br/Luis_Claudio/HYBRID/mpt_ver262/mpt/yalmip/extras/lindo_fun.html]
[ftp.feq.ufu.br/Luis_Claudio/HYBRID/mpt_ver262/mpt/yalmip/extras/lindo_fungp.html]
[ftp.feq.ufu.br/Luis_Claudio/HYBRID/mpt_ver262/mpt/yalmip/extras/lindosparse.html]
[ftp.feq.ufu.br/Luis_Claudio/HYBRID/mpt_ver262/mpt/yalmip/extras/linearize.html]
[ftp.feq.ufu.br/Luis_Claudio/HYBRID/mpt_ver262/mpt/yalmip/extras/loadsdpafile.html]
[ftp.feq.ufu.br/Luis_Claudio/HYBRID/mpt_ver262/mpt/yalmip/extras/loadsedumidata.html]
[ftp.feq.ufu.br/Luis_Claudio/HYBRID/mpt_ver262/mpt/yalmip/extras/matrixcoefficients.html]
[ftp.feq.ufu.br/Luis_Claudio/HYBRID/mpt_ver262/mpt/yalmip/extras/milpalreadydone.html]
[ftp.feq.ufu.br/Luis_Claudio/HYBRID/mpt_ver262/mpt/yalmip/extras/milppresolve.html]
[ftp.feq.ufu.br/Luis_Claudio/HYBRID/mpt_ver262/mpt/yalmip/extras/milpsubsref.html]
[ftp.feq.ufu.br/Luis_Claudio/HYBRID/mpt_ver262/mpt/yalmip/extras/monolist.html]
[ftp.feq.ufu.br/Luis_Claudio/HYBRID/mpt_ver262/mpt/yalmip/extras/monolistcoeff.html]
[ftp.feq.ufu.br/Luis_Claudio/HYBRID/mpt_ver262/mpt/yalmip/extras/monpowers.html]
[ftp.feq.ufu.br/Luis_Claudio/HYBRID/mpt_ver262/mpt/yalmip/extras/parseLMI.html]
[ftp.feq.ufu.br/Luis_Claudio/HYBRID/mpt_ver262/mpt/yalmip/extras/parvar.html]
[ftp.feq.ufu.br/Luis_Claudio/HYBRID/mpt_ver262/mpt/yalmip/extras/pennlp_con.html]
[ftp.feq.ufu.br/Luis_Claudio/HYBRID/mpt_ver262/mpt/yalmip/extras/pennlp_congrad.html]
[ftp.feq.ufu.br/Luis_Claudio/HYBRID/mpt_ver262/mpt/yalmip/extras/pennlp_conhess.html]
[ftp.feq.ufu.br/Luis_Claudio/HYBRID/mpt_ver262/mpt/yalmip/extras/pennlp_fun.html]
[ftp.feq.ufu.br/Luis_Claudio/HYBRID/mpt_ver262/mpt/yalmip/extras/pennlp_fungrad.html]
[ftp.feq.ufu.br/Luis_Claudio/HYBRID/mpt_ver262/mpt/yalmip/extras/pennlp_funhess.html]
[ftp.feq.ufu.br/Luis_Claudio/HYBRID/mpt_ver262/mpt/yalmip/extras/polyprint.html]
[ftp.feq.ufu.br/Luis_Claudio/HYBRID/mpt_ver262/mpt/yalmip/extras/presolve_fixvariables.html]
[ftp.feq.ufu.br/Luis_Claudio/HYBRID/mpt_ver262/mpt/yalmip/extras/presolve_probebinary.html]
[ftp.feq.ufu.br/Luis_Claudio/HYBRID/mpt_ver262/mpt/yalmip/extras/primalize.html]
[ftp.feq.ufu.br/Luis_Claudio/HYBRID/mpt_ver262/mpt/yalmip/extras/pwf.html]
[ftp.feq.ufu.br/Luis_Claudio/HYBRID/mpt_ver262/mpt/yalmip/extras/recdef.html]
[ftp.feq.ufu.br/Luis_Claudio/HYBRID/mpt_ver262/mpt/yalmip/extras/recover.html]
[ftp.feq.ufu.br/Luis_Claudio/HYBRID/mpt_ver262/mpt/yalmip/extras/recovermonoms.html]
[ftp.feq.ufu.br/Luis_Claudio/HYBRID/mpt_ver262/mpt/yalmip/extras/relaxdouble.html]
[ftp.feq.ufu.br/Luis_Claudio/HYBRID/mpt_ver262/mpt/yalmip/extras/save_model_expansion.html]
[ftp.feq.ufu.br/Luis_Claudio/HYBRID/mpt_ver262/mpt/yalmip/extras/saveampl.html]
[ftp.feq.ufu.br/Luis_Claudio/HYBRID/mpt_ver262/mpt/yalmip/extras/savesdpafile.html]
[ftp.feq.ufu.br/Luis_Claudio/HYBRID/mpt_ver262/mpt/yalmip/extras/sdisplay.html]
[ftp.feq.ufu.br/Luis_Claudio/HYBRID/mpt_ver262/mpt/yalmip/extras/sdpsettings.html]
[ftp.feq.ufu.br/Luis_Claudio/HYBRID/mpt_ver262/mpt/yalmip/extras/sdpt3data.html]
[ftp.feq.ufu.br/Luis_Claudio/HYBRID/mpt_ver262/mpt/yalmip/extras/sdpt3struct2sdpt3block.html]
[ftp.feq.ufu.br/Luis_Claudio/HYBRID/mpt_ver262/mpt/yalmip/extras/sdpvar2str.html]
[ftp.feq.ufu.br/Luis_Claudio/HYBRID/mpt_ver262/mpt/yalmip/extras/sedumi2dsdp.html]
[ftp.feq.ufu.br/Luis_Claudio/HYBRID/mpt_ver262/mpt/yalmip/extras/sedumi2dsdp5.html]
[ftp.feq.ufu.br/Luis_Claudio/HYBRID/mpt_ver262/mpt/yalmip/extras/sedumi2maxdet.html]
[ftp.feq.ufu.br/Luis_Claudio/HYBRID/mpt_ver262/mpt/yalmip/extras/sedumi2pen.html]
[ftp.feq.ufu.br/Luis_Claudio/HYBRID/mpt_ver262/mpt/yalmip/extras/sedumi2penbmi.html]
[ftp.feq.ufu.br/Luis_Claudio/HYBRID/mpt_ver262/mpt/yalmip/extras/sedumi2sdpa.html]
[ftp.feq.ufu.br/Luis_Claudio/HYBRID/mpt_ver262/mpt/yalmip/extras/sedumi2sdpt3.html]
[ftp.feq.ufu.br/Luis_Claudio/HYBRID/mpt_ver262/mpt/yalmip/extras/see.html]
[ftp.feq.ufu.br/Luis_Claudio/HYBRID/mpt_ver262/mpt/yalmip/extras/selectsolver.html]
[ftp.feq.ufu.br/Luis_Claudio/HYBRID/mpt_ver262/mpt/yalmip/extras/separable.html]
[ftp.feq.ufu.br/Luis_Claudio/HYBRID/mpt_ver262/mpt/yalmip/extras/setdiff1D.html]
[ftp.feq.ufu.br/Luis_Claudio/HYBRID/mpt_ver262/mpt/yalmip/extras/setduals.html]
[ftp.feq.ufu.br/Luis_Claudio/HYBRID/mpt_ver262/mpt/yalmip/extras/setnonlinearvariables.html]
[ftp.feq.ufu.br/Luis_Claudio/HYBRID/mpt_ver262/mpt/yalmip/extras/setpolynomials.html]
[ftp.feq.ufu.br/Luis_Claudio/HYBRID/mpt_ver262/mpt/yalmip/extras/setup_fmincon_params.html]
[ftp.feq.ufu.br/Luis_Claudio/HYBRID/mpt_ver262/mpt/yalmip/extras/shadowjacobian.html]
[ftp.feq.ufu.br/Luis_Claudio/HYBRID/mpt_ver262/mpt/yalmip/extras/showprogress.html]
[ftp.feq.ufu.br/Luis_Claudio/HYBRID/mpt_ver262/mpt/yalmip/extras/solveequalities.html]
[ftp.feq.ufu.br/Luis_Claudio/HYBRID/mpt_ver262/mpt/yalmip/extras/sqrtm_internal.html]
[ftp.feq.ufu.br/Luis_Claudio/HYBRID/mpt_ver262/mpt/yalmip/extras/table.html]
[ftp.feq.ufu.br/Luis_Claudio/HYBRID/mpt_ver262/mpt/yalmip/extras/tplus.html]
[ftp.feq.ufu.br/Luis_Claudio/HYBRID/mpt_ver262/mpt/yalmip/extras/ttimes.html]
[ftp.feq.ufu.br/Luis_Claudio/HYBRID/mpt_ver262/mpt/yalmip/extras/unblkdiag.html]
[ftp.feq.ufu.br/Luis_Claudio/HYBRID/mpt_ver262/mpt/yalmip/extras/uncvar.html]
[ftp.feq.ufu.br/Luis_Claudio/HYBRID/mpt_ver262/mpt/yalmip/extras/unionstripped.html]
[ftp.feq.ufu.br/Luis_Claudio/HYBRID/mpt_ver262/mpt/yalmip/extras/uniquesafe.html]
[ftp.feq.ufu.br/Luis_Claudio/HYBRID/mpt_ver262/mpt/yalmip/extras/uniquestripped.html]
[ftp.feq.ufu.br/Luis_Claudio/HYBRID/mpt_ver262/mpt/yalmip/extras/variable_replace.html]
[ftp.feq.ufu.br/Luis_Claudio/HYBRID/mpt_ver262/mpt/yalmip/extras/variablechange.html]
[ftp.feq.ufu.br/Luis_Claudio/HYBRID/mpt_ver262/mpt/yalmip/extras/vecquaddecomp.html]
[ftp.feq.ufu.br/Luis_Claudio/HYBRID/mpt_ver262/mpt/yalmip/extras/yalmip.html]
[ftp.feq.ufu.br/Luis_Claudio/HYBRID/mpt_ver262/mpt/yalmip/extras/yalmip2geometric.html]
[ftp.feq.ufu.br/Luis_Claudio/HYBRID/mpt_ver262/mpt/yalmip/extras/yalmip2mpt.html]
[ftp.feq.ufu.br/Luis_Claudio/HYBRID/mpt_ver262/mpt/yalmip/extras/yalmip_default_output.html]
[ftp.feq.ufu.br/Luis_Claudio/HYBRID/mpt_ver262/mpt/yalmip/extras/yalmiperror.html]
[ftp.feq.ufu.br/Luis_Claudio/HYBRID/mpt_ver262/mpt/yalmip/htmldata/ellipsoidal.html]
[ftp.feq.ufu.br/Luis_Claudio/HYBRID/mpt_ver262/mpt/yalmip/htmldata/extoperators.html]
[ftp.feq.ufu.br/Luis_Claudio/HYBRID/mpt_ver262/mpt/yalmip/htmldata/geometric.html]
[ftp.feq.ufu.br/Luis_Claudio/HYBRID/mpt_ver262/mpt/yalmip/htmldata/gevp.html]
[ftp.feq.ufu.br/Luis_Claudio/HYBRID/mpt_ver262/mpt/yalmip/htmldata/impexp.html]
[ftp.feq.ufu.br/Luis_Claudio/HYBRID/mpt_ver262/mpt/yalmip/htmldata/lyapunov.html]
[ftp.feq.ufu.br/Luis_Claudio/HYBRID/mpt_ver262/mpt/yalmip/htmldata/ranksdp.html]
[ftp.feq.ufu.br/Luis_Claudio/HYBRID/mpt_ver262/mpt/yalmip/htmldata/yalmip.css]
[ftp.feq.ufu.br/Luis_Claudio/HYBRID/mpt_ver262/mpt/yalmip/operators/alldifferent.html]
[ftp.feq.ufu.br/Luis_Claudio/HYBRID/mpt_ver262/mpt/yalmip/operators/cpower.html]
[ftp.feq.ufu.br/Luis_Claudio/HYBRID/mpt_ver262/mpt/yalmip/operators/entropy.html]
[ftp.feq.ufu.br/Luis_Claudio/HYBRID/mpt_ver262/mpt/yalmip/operators/geomean2.html]
[ftp.feq.ufu.br/Luis_Claudio/HYBRID/mpt_ver262/mpt/yalmip/operators/iff.html]
[ftp.feq.ufu.br/Luis_Claudio/HYBRID/mpt_ver262/mpt/yalmip/operators/iff_internal.html]
[ftp.feq.ufu.br/Luis_Claudio/HYBRID/mpt_ver262/mpt/yalmip/operators/implies.html]
[ftp.feq.ufu.br/Luis_Claudio/HYBRID/mpt_ver262/mpt/yalmip/operators/implies_internal.html]
[ftp.feq.ufu.br/Luis_Claudio/HYBRID/mpt_ver262/mpt/yalmip/operators/max_internal.html]
[ftp.feq.ufu.br/Luis_Claudio/HYBRID/mpt_ver262/mpt/yalmip/operators/min_internal.html]
[ftp.feq.ufu.br/Luis_Claudio/HYBRID/mpt_ver262/mpt/yalmip/operators/mpower_internal.html]
[ftp.feq.ufu.br/Luis_Claudio/HYBRID/mpt_ver262/mpt/yalmip/operators/nnz_internal.html]
[ftp.feq.ufu.br/Luis_Claudio/HYBRID/mpt_ver262/mpt/yalmip/operators/pow10.html]
[ftp.feq.ufu.br/Luis_Claudio/HYBRID/mpt_ver262/mpt/yalmip/operators/pwa_yalmip.html]
[ftp.feq.ufu.br/Luis_Claudio/HYBRID/mpt_ver262/mpt/yalmip/operators/pwadynamics_internal.html]
[ftp.feq.ufu.br/Luis_Claudio/HYBRID/mpt_ver262/mpt/yalmip/operators/pwq_yalmip.html]
[ftp.feq.ufu.br/Luis_Claudio/HYBRID/mpt_ver262/mpt/yalmip/operators/sdpfun.html]
[ftp.feq.ufu.br/Luis_Claudio/HYBRID/mpt_ver262/mpt/yalmip/operators/semivar.html]
[ftp.feq.ufu.br/Luis_Claudio/HYBRID/mpt_ver262/mpt/yalmip/operators/sort_internal.html]
[ftp.feq.ufu.br/Luis_Claudio/HYBRID/mpt_ver262/mpt/yalmip/operators/sumabsk.html]
[ftp.feq.ufu.br/Luis_Claudio/HYBRID/mpt_ver262/mpt/yalmip/operators/sumk.html]
[ftp.feq.ufu.br/Luis_Claudio/HYBRID/mpt_ver262/mpt/yalmip/solvers/callbintprog.html]
[ftp.feq.ufu.br/Luis_Claudio/HYBRID/mpt_ver262/mpt/yalmip/solvers/callbmialt.html]
[ftp.feq.ufu.br/Luis_Claudio/HYBRID/mpt_ver262/mpt/yalmip/solvers/callbmilin.html]
[ftp.feq.ufu.br/Luis_Claudio/HYBRID/mpt_ver262/mpt/yalmip/solvers/callbpmpd.html]
[ftp.feq.ufu.br/Luis_Claudio/HYBRID/mpt_ver262/mpt/yalmip/solvers/callcdd.html]
[ftp.feq.ufu.br/Luis_Claudio/HYBRID/mpt_ver262/mpt/yalmip/solvers/callclp.html]
[ftp.feq.ufu.br/Luis_Claudio/HYBRID/mpt_ver262/mpt/yalmip/solvers/callcplexint.html]
[ftp.feq.ufu.br/Luis_Claudio/HYBRID/mpt_ver262/mpt/yalmip/solvers/callcplexmex.html]
[ftp.feq.ufu.br/Luis_Claudio/HYBRID/mpt_ver262/mpt/yalmip/solvers/callcsdp.html]
[ftp.feq.ufu.br/Luis_Claudio/HYBRID/mpt_ver262/mpt/yalmip/solvers/calldsdp.html]
[ftp.feq.ufu.br/Luis_Claudio/HYBRID/mpt_ver262/mpt/yalmip/solvers/calldsdp5.html]
[ftp.feq.ufu.br/Luis_Claudio/HYBRID/mpt_ver262/mpt/yalmip/solvers/callfmincon.html]
[ftp.feq.ufu.br/Luis_Claudio/HYBRID/mpt_ver262/mpt/yalmip/solvers/callfmincongp.html]
[ftp.feq.ufu.br/Luis_Claudio/HYBRID/mpt_ver262/mpt/yalmip/solvers/callfminsearch.html]
[ftp.feq.ufu.br/Luis_Claudio/HYBRID/mpt_ver262/mpt/yalmip/solvers/callglpk.html]
[ftp.feq.ufu.br/Luis_Claudio/HYBRID/mpt_ver262/mpt/yalmip/solvers/callgpposy.html]
[ftp.feq.ufu.br/Luis_Claudio/HYBRID/mpt_ver262/mpt/yalmip/solvers/callipoptmex.html]
[ftp.feq.ufu.br/Luis_Claudio/HYBRID/mpt_ver262/mpt/yalmip/solvers/callipqp.html]
[ftp.feq.ufu.br/Luis_Claudio/HYBRID/mpt_ver262/mpt/yalmip/solvers/callkypd.html]
[ftp.feq.ufu.br/Luis_Claudio/HYBRID/mpt_ver262/mpt/yalmip/solvers/calllindo.html]
[ftp.feq.ufu.br/Luis_Claudio/HYBRID/mpt_ver262/mpt/yalmip/solvers/calllindo_geo.html]
[ftp.feq.ufu.br/Luis_Claudio/HYBRID/mpt_ver262/mpt/yalmip/solvers/calllindo_miqp.html]
[ftp.feq.ufu.br/Luis_Claudio/HYBRID/mpt_ver262/mpt/yalmip/solvers/calllindo_nlp.html]
[ftp.feq.ufu.br/Luis_Claudio/HYBRID/mpt_ver262/mpt/yalmip/solvers/calllinprog.html]
[ftp.feq.ufu.br/Luis_Claudio/HYBRID/mpt_ver262/mpt/yalmip/solvers/calllmilab.html]
[ftp.feq.ufu.br/Luis_Claudio/HYBRID/mpt_ver262/mpt/yalmip/solvers/calllmirank.html]
[ftp.feq.ufu.br/Luis_Claudio/HYBRID/mpt_ver262/mpt/yalmip/solvers/calllp_cplex.html]
[ftp.feq.ufu.br/Luis_Claudio/HYBRID/mpt_ver262/mpt/yalmip/solvers/calllpsolve.html]
[ftp.feq.ufu.br/Luis_Claudio/HYBRID/mpt_ver262/mpt/yalmip/solvers/callmaxdet.html]
[ftp.feq.ufu.br/Luis_Claudio/HYBRID/mpt_ver262/mpt/yalmip/solvers/callmexpress.html]
[ftp.feq.ufu.br/Luis_Claudio/HYBRID/mpt_ver262/mpt/yalmip/solvers/callmexpress11.html]
[ftp.feq.ufu.br/Luis_Claudio/HYBRID/mpt_ver262/mpt/yalmip/solvers/callmilp_cplex.html]
[ftp.feq.ufu.br/Luis_Claudio/HYBRID/mpt_ver262/mpt/yalmip/solvers/callmiqp_cplex.html]
[ftp.feq.ufu.br/Luis_Claudio/HYBRID/mpt_ver262/mpt/yalmip/solvers/callmosek.html]
[ftp.feq.ufu.br/Luis_Claudio/HYBRID/mpt_ver262/mpt/yalmip/solvers/callmpcvx.html]
[ftp.feq.ufu.br/Luis_Claudio/HYBRID/mpt_ver262/mpt/yalmip/solvers/callmplcp.html]
[ftp.feq.ufu.br/Luis_Claudio/HYBRID/mpt_ver262/mpt/yalmip/solvers/callmpt.html]
[ftp.feq.ufu.br/Luis_Claudio/HYBRID/mpt_ver262/mpt/yalmip/solvers/callnage04mbf.html]
[ftp.feq.ufu.br/Luis_Claudio/HYBRID/mpt_ver262/mpt/yalmip/solvers/callnage04naf.html]
[ftp.feq.ufu.br/Luis_Claudio/HYBRID/mpt_ver262/mpt/yalmip/solvers/callnone.html]
[ftp.feq.ufu.br/Luis_Claudio/HYBRID/mpt_ver262/mpt/yalmip/solvers/callooqp.html]
[ftp.feq.ufu.br/Luis_Claudio/HYBRID/mpt_ver262/mpt/yalmip/solvers/callpenbmi.html]
[ftp.feq.ufu.br/Luis_Claudio/HYBRID/mpt_ver262/mpt/yalmip/solvers/callpenbmim.html]
[ftp.feq.ufu.br/Luis_Claudio/HYBRID/mpt_ver262/mpt/yalmip/solvers/callpennlp.html]
[ftp.feq.ufu.br/Luis_Claudio/HYBRID/mpt_ver262/mpt/yalmip/solvers/callpensdp.html]
[ftp.feq.ufu.br/Luis_Claudio/HYBRID/mpt_ver262/mpt/yalmip/solvers/callpensdpm.html]
[ftp.feq.ufu.br/Luis_Claudio/HYBRID/mpt_ver262/mpt/yalmip/solvers/callqp_cplex.html]
[ftp.feq.ufu.br/Luis_Claudio/HYBRID/mpt_ver262/mpt/yalmip/solvers/callqsopt.html]
[ftp.feq.ufu.br/Luis_Claudio/HYBRID/mpt_ver262/mpt/yalmip/solvers/callquadprog.html]
[ftp.feq.ufu.br/Luis_Claudio/HYBRID/mpt_ver262/mpt/yalmip/solvers/callsdpa.html]
[ftp.feq.ufu.br/Luis_Claudio/HYBRID/mpt_ver262/mpt/yalmip/solvers/callsdplr.html]
[ftp.feq.ufu.br/Luis_Claudio/HYBRID/mpt_ver262/mpt/yalmip/solvers/callsdpt34.html]
[ftp.feq.ufu.br/Luis_Claudio/HYBRID/mpt_ver262/mpt/yalmip/solvers/callsdpt330.html]
[ftp.feq.ufu.br/Luis_Claudio/HYBRID/mpt_ver262/mpt/yalmip/solvers/callsdpt331.html]
[ftp.feq.ufu.br/Luis_Claudio/HYBRID/mpt_ver262/mpt/yalmip/solvers/callsdpt3302.html]
[ftp.feq.ufu.br/Luis_Claudio/HYBRID/mpt_ver262/mpt/yalmip/solvers/callsedumi.html]
[ftp.feq.ufu.br/Luis_Claudio/HYBRID/mpt_ver262/mpt/yalmip/solvers/callspecsdp.html]
[ftp.feq.ufu.br/Luis_Claudio/HYBRID/mpt_ver262/mpt/yalmip/solvers/create_lp_solve_model.html]
[ftp.feq.ufu.br/Luis_Claudio/HYBRID/mpt_ver262/mpt/yalmip/solvers/definesolvers.html]
[ftp.feq.ufu.br/Luis_Claudio/HYBRID/mpt_ver262/mpt/yalmip/solvers/getavailablesolvers.html]
[ftp.feq.ufu.br/Luis_Claudio/HYBRID/mpt_ver262/mpt/yalmip/solvers/mpcvx.html]
[ftp.feq.ufu.br/Luis_Claudio/HYBRID/mpt_ver262/mpt/yalmip/extras/@blkvar/blkvar.html]
[ftp.feq.ufu.br/Luis_Claudio/HYBRID/mpt_ver262/mpt/yalmip/extras/@blkvar/display.html]
[ftp.feq.ufu.br/Luis_Claudio/HYBRID/mpt_ver262/mpt/yalmip/extras/@blkvar/sdpvar.html]
[ftp.feq.ufu.br/Luis_Claudio/HYBRID/mpt_ver262/mpt/yalmip/extras/@blkvar/subsasgn.html]
[ftp.feq.ufu.br/Luis_Claudio/HYBRID/mpt_ver262/mpt/yalmip/extras/@char/set.html]
[ftp.feq.ufu.br/Luis_Claudio/HYBRID/mpt_ver262/mpt/yalmip/extras/@constraint/and.html]
[ftp.feq.ufu.br/Luis_Claudio/HYBRID/mpt_ver262/mpt/yalmip/extras/@constraint/constraint.html]
[ftp.feq.ufu.br/Luis_Claudio/HYBRID/mpt_ver262/mpt/yalmip/extras/@constraint/cut.html]
[ftp.feq.ufu.br/Luis_Claudio/HYBRID/mpt_ver262/mpt/yalmip/extras/@constraint/display.html]
[ftp.feq.ufu.br/Luis_Claudio/HYBRID/mpt_ver262/mpt/yalmip/extras/@constraint/double.html]
[ftp.feq.ufu.br/Luis_Claudio/HYBRID/mpt_ver262/mpt/yalmip/extras/@constraint/eq.html]
[ftp.feq.ufu.br/Luis_Claudio/HYBRID/mpt_ver262/mpt/yalmip/extras/@constraint/ge.html]
[ftp.feq.ufu.br/Luis_Claudio/HYBRID/mpt_ver262/mpt/yalmip/extras/@constraint/getlist.html]
[ftp.feq.ufu.br/Luis_Claudio/HYBRID/mpt_ver262/mpt/yalmip/extras/@constraint/gt.html]
[ftp.feq.ufu.br/Luis_Claudio/HYBRID/mpt_ver262/mpt/yalmip/extras/@constraint/horzcat.html]
[ftp.feq.ufu.br/Luis_Claudio/HYBRID/mpt_ver262/mpt/yalmip/extras/@constraint/le.html]
[ftp.feq.ufu.br/Luis_Claudio/HYBRID/mpt_ver262/mpt/yalmip/extras/@constraint/lt.html]
[ftp.feq.ufu.br/Luis_Claudio/HYBRID/mpt_ver262/mpt/yalmip/extras/@constraint/nnz.html]
[ftp.feq.ufu.br/Luis_Claudio/HYBRID/mpt_ver262/mpt/yalmip/extras/@constraint/not.html]
[ftp.feq.ufu.br/Luis_Claudio/HYBRID/mpt_ver262/mpt/yalmip/extras/@constraint/or.html]
[ftp.feq.ufu.br/Luis_Claudio/HYBRID/mpt_ver262/mpt/yalmip/extras/@constraint/plus.html]
[ftp.feq.ufu.br/Luis_Claudio/HYBRID/mpt_ver262/mpt/yalmip/extras/@constraint/polytope.html]
[ftp.feq.ufu.br/Luis_Claudio/HYBRID/mpt_ver262/mpt/yalmip/extras/@constraint/sdpvar.html]
[ftp.feq.ufu.br/Luis_Claudio/HYBRID/mpt_ver262/mpt/yalmip/extras/@constraint/set.html]
[ftp.feq.ufu.br/Luis_Claudio/HYBRID/mpt_ver262/mpt/yalmip/extras/@constraint/vertcat.html]
[ftp.feq.ufu.br/Luis_Claudio/HYBRID/mpt_ver262/mpt/yalmip/extras/@double/set.html]
[ftp.feq.ufu.br/Luis_Claudio/HYBRID/mpt_ver262/mpt/yalmip/extras/@lazybasis/any.html]
[ftp.feq.ufu.br/Luis_Claudio/HYBRID/mpt_ver262/mpt/yalmip/extras/@lazybasis/ctranspose.html]
[ftp.feq.ufu.br/Luis_Claudio/HYBRID/mpt_ver262/mpt/yalmip/extras/@lazybasis/display.html]
[ftp.feq.ufu.br/Luis_Claudio/HYBRID/mpt_ver262/mpt/yalmip/extras/@lazybasis/double.html]
[ftp.feq.ufu.br/Luis_Claudio/HYBRID/mpt_ver262/mpt/yalmip/extras/@lazybasis/end.html]
[ftp.feq.ufu.br/Luis_Claudio/HYBRID/mpt_ver262/mpt/yalmip/extras/@lazybasis/find.html]
[ftp.feq.ufu.br/Luis_Claudio/HYBRID/mpt_ver262/mpt/yalmip/extras/@lazybasis/isreal.html]
[ftp.feq.ufu.br/Luis_Claudio/HYBRID/mpt_ver262/mpt/yalmip/extras/@lazybasis/lazybasis.html]
[ftp.feq.ufu.br/Luis_Claudio/HYBRID/mpt_ver262/mpt/yalmip/extras/@lazybasis/minus.html]
[ftp.feq.ufu.br/Luis_Claudio/HYBRID/mpt_ver262/mpt/yalmip/extras/@lazybasis/mtimes.html]
[ftp.feq.ufu.br/Luis_Claudio/HYBRID/mpt_ver262/mpt/yalmip/extras/@lazybasis/plus.html]
[ftp.feq.ufu.br/Luis_Claudio/HYBRID/mpt_ver262/mpt/yalmip/extras/@lazybasis/size.html]
[ftp.feq.ufu.br/Luis_Claudio/HYBRID/mpt_ver262/mpt/yalmip/extras/@lazybasis/subsasgn.html]
[ftp.feq.ufu.br/Luis_Claudio/HYBRID/mpt_ver262/mpt/yalmip/extras/@lazybasis/subsref.html]
[ftp.feq.ufu.br/Luis_Claudio/HYBRID/mpt_ver262/mpt/yalmip/extras/@lazybasis/times.html]
[ftp.feq.ufu.br/Luis_Claudio/HYBRID/mpt_ver262/mpt/yalmip/extras/@lazybasis/transpose.html]
[ftp.feq.ufu.br/Luis_Claudio/HYBRID/mpt_ver262/mpt/yalmip/extras/@lazybasis/uminus.html]
[ftp.feq.ufu.br/Luis_Claudio/HYBRID/mpt_ver262/mpt/yalmip/extras/@lmi/addlmi.html]
[ftp.feq.ufu.br/Luis_Claudio/HYBRID/mpt_ver262/mpt/yalmip/extras/@lmi/and.html]
[ftp.feq.ufu.br/Luis_Claudio/HYBRID/mpt_ver262/mpt/yalmip/extras/@lmi/boundingbox.html]
[ftp.feq.ufu.br/Luis_Claudio/HYBRID/mpt_ver262/mpt/yalmip/extras/@lmi/categorizeproblem.html]
[ftp.feq.ufu.br/Luis_Claudio/HYBRID/mpt_ver262/mpt/yalmip/extras/@lmi/checklmi.html]
[ftp.feq.ufu.br/Luis_Claudio/HYBRID/mpt_ver262/mpt/yalmip/extras/@lmi/checkset.html]
[ftp.feq.ufu.br/Luis_Claudio/HYBRID/mpt_ver262/mpt/yalmip/extras/@lmi/cleardual.html]
[ftp.feq.ufu.br/Luis_Claudio/HYBRID/mpt_ver262/mpt/yalmip/extras/@lmi/constraintclass.html]
[ftp.feq.ufu.br/Luis_Claudio/HYBRID/mpt_ver262/mpt/yalmip/extras/@lmi/convertlorentz.html]
[ftp.feq.ufu.br/Luis_Claudio/HYBRID/mpt_ver262/mpt/yalmip/extras/@lmi/convertsocp.html]
[ftp.feq.ufu.br/Luis_Claudio/HYBRID/mpt_ver262/mpt/yalmip/extras/@lmi/dellmi.html]
[ftp.feq.ufu.br/Luis_Claudio/HYBRID/mpt_ver262/mpt/yalmip/extras/@lmi/depends.html]
[ftp.feq.ufu.br/Luis_Claudio/HYBRID/mpt_ver262/mpt/yalmip/extras/@lmi/display.html]
[ftp.feq.ufu.br/Luis_Claudio/HYBRID/mpt_ver262/mpt/yalmip/extras/@lmi/double.html]
[ftp.feq.ufu.br/Luis_Claudio/HYBRID/mpt_ver262/mpt/yalmip/extras/@lmi/dual.html]
[ftp.feq.ufu.br/Luis_Claudio/HYBRID/mpt_ver262/mpt/yalmip/extras/@lmi/eliminateBinary.html]
[ftp.feq.ufu.br/Luis_Claudio/HYBRID/mpt_ver262/mpt/yalmip/extras/@lmi/ellipsoid.html]
[ftp.feq.ufu.br/Luis_Claudio/HYBRID/mpt_ver262/mpt/yalmip/extras/@lmi/end.html]
[ftp.feq.ufu.br/Luis_Claudio/HYBRID/mpt_ver262/mpt/yalmip/extras/@lmi/expanded.html]
[ftp.feq.ufu.br/Luis_Claudio/HYBRID/mpt_ver262/mpt/yalmip/extras/@lmi/getbounds.html]
[ftp.feq.ufu.br/Luis_Claudio/HYBRID/mpt_ver262/mpt/yalmip/extras/@lmi/getlmiid.html]
[ftp.feq.ufu.br/Luis_Claudio/HYBRID/mpt_ver262/mpt/yalmip/extras/@lmi/getlrdata.html]
[ftp.feq.ufu.br/Luis_Claudio/HYBRID/mpt_ver262/mpt/yalmip/extras/@lmi/getvariables.html]
[ftp.feq.ufu.br/Luis_Claudio/HYBRID/mpt_ver262/mpt/yalmip/extras/@lmi/horzcat.html]
[ftp.feq.ufu.br/Luis_Claudio/HYBRID/mpt_ver262/mpt/yalmip/extras/@lmi/hull.html]
[ftp.feq.ufu.br/Luis_Claudio/HYBRID/mpt_ver262/mpt/yalmip/extras/@lmi/imag2reallmi.html]
[ftp.feq.ufu.br/Luis_Claudio/HYBRID/mpt_ver262/mpt/yalmip/extras/@lmi/is.html]
[ftp.feq.ufu.br/Luis_Claudio/HYBRID/mpt_ver262/mpt/yalmip/extras/@lmi/isfeasible.html]
[ftp.feq.ufu.br/Luis_Claudio/HYBRID/mpt_ver262/mpt/yalmip/extras/@lmi/islinear.html]
[ftp.feq.ufu.br/Luis_Claudio/HYBRID/mpt_ver262/mpt/yalmip/extras/@lmi/isreal.html]
[ftp.feq.ufu.br/Luis_Claudio/HYBRID/mpt_ver262/mpt/yalmip/extras/@lmi/isrelaxfeasible.html]
[ftp.feq.ufu.br/Luis_Claudio/HYBRID/mpt_ver262/mpt/yalmip/extras/@lmi/issigmonial.html]
[ftp.feq.ufu.br/Luis_Claudio/HYBRID/mpt_ver262/mpt/yalmip/extras/@lmi/length.html]
[ftp.feq.ufu.br/Luis_Claudio/HYBRID/mpt_ver262/mpt/yalmip/extras/@lmi/lifted.html]
[ftp.feq.ufu.br/Luis_Claudio/HYBRID/mpt_ver262/mpt/yalmip/extras/@lmi/linearize.html]
[ftp.feq.ufu.br/Luis_Claudio/HYBRID/mpt_ver262/mpt/yalmip/extras/@lmi/lmi.html]
[ftp.feq.ufu.br/Luis_Claudio/HYBRID/mpt_ver262/mpt/yalmip/extras/@lmi/lmi2sedumistruct.html]
[ftp.feq.ufu.br/Luis_Claudio/HYBRID/mpt_ver262/mpt/yalmip/extras/@lmi/lmiinfo.html]
[ftp.feq.ufu.br/Luis_Claudio/HYBRID/mpt_ver262/mpt/yalmip/extras/@lmi/loadobj.html]
[ftp.feq.ufu.br/Luis_Claudio/HYBRID/mpt_ver262/mpt/yalmip/extras/@lmi/logic2cont.html]
[ftp.feq.ufu.br/Luis_Claudio/HYBRID/mpt_ver262/mpt/yalmip/extras/@lmi/lowrank.html]
[ftp.feq.ufu.br/Luis_Claudio/HYBRID/mpt_ver262/mpt/yalmip/extras/@lmi/mergelmi.html]
[ftp.feq.ufu.br/Luis_Claudio/HYBRID/mpt_ver262/mpt/yalmip/extras/@lmi/minus.html]
[ftp.feq.ufu.br/Luis_Claudio/HYBRID/mpt_ver262/mpt/yalmip/extras/@lmi/plot.html]
[ftp.feq.ufu.br/Luis_Claudio/HYBRID/mpt_ver262/mpt/yalmip/extras/@lmi/plus.html]
[ftp.feq.ufu.br/Luis_Claudio/HYBRID/mpt_ver262/mpt/yalmip/extras/@lmi/polytope.html]
[ftp.feq.ufu.br/Luis_Claudio/HYBRID/mpt_ver262/mpt/yalmip/extras/@lmi/pretty.html]
[ftp.feq.ufu.br/Luis_Claudio/HYBRID/mpt_ver262/mpt/yalmip/extras/@lmi/projection.html]
[ftp.feq.ufu.br/Luis_Claudio/HYBRID/mpt_ver262/mpt/yalmip/extras/@lmi/reduce.html]
[ftp.feq.ufu.br/Luis_Claudio/HYBRID/mpt_ver262/mpt/yalmip/extras/@lmi/replace.html]
[ftp.feq.ufu.br/Luis_Claudio/HYBRID/mpt_ver262/mpt/yalmip/extras/@lmi/saveobj.html]
[ftp.feq.ufu.br/Luis_Claudio/HYBRID/mpt_ver262/mpt/yalmip/extras/@lmi/sdpvar.html]
[ftp.feq.ufu.br/Luis_Claudio/HYBRID/mpt_ver262/mpt/yalmip/extras/@lmi/see.html]
[ftp.feq.ufu.br/Luis_Claudio/HYBRID/mpt_ver262/mpt/yalmip/extras/@lmi/set.html]
[ftp.feq.ufu.br/Luis_Claudio/HYBRID/mpt_ver262/mpt/yalmip/extras/@lmi/setcutflag.html]
[ftp.feq.ufu.br/Luis_Claudio/HYBRID/mpt_ver262/mpt/yalmip/extras/@lmi/settype.html]
[ftp.feq.ufu.br/Luis_Claudio/HYBRID/mpt_ver262/mpt/yalmip/extras/@lmi/shift.html]
[ftp.feq.ufu.br/Luis_Claudio/HYBRID/mpt_ver262/mpt/yalmip/extras/@lmi/size.html]
[ftp.feq.ufu.br/Luis_Claudio/HYBRID/mpt_ver262/mpt/yalmip/extras/@lmi/sosd.html]
[ftp.feq.ufu.br/Luis_Claudio/HYBRID/mpt_ver262/mpt/yalmip/extras/@lmi/spy.html]
[ftp.feq.ufu.br/Luis_Claudio/HYBRID/mpt_ver262/mpt/yalmip/extras/@lmi/subsasgn.html]
[ftp.feq.ufu.br/Luis_Claudio/HYBRID/mpt_ver262/mpt/yalmip/extras/@lmi/subsref.html]
[ftp.feq.ufu.br/Luis_Claudio/HYBRID/mpt_ver262/mpt/yalmip/extras/@lmi/tag.html]
[ftp.feq.ufu.br/Luis_Claudio/HYBRID/mpt_ver262/mpt/yalmip/extras/@lmi/updatelmi.html]
[ftp.feq.ufu.br/Luis_Claudio/HYBRID/mpt_ver262/mpt/yalmip/extras/@lmi/uplus.html]
[ftp.feq.ufu.br/Luis_Claudio/HYBRID/mpt_ver262/mpt/yalmip/extras/@lmi/usedvariables.html]
[ftp.feq.ufu.br/Luis_Claudio/HYBRID/mpt_ver262/mpt/yalmip/extras/@lmi/vertcat.html]
[ftp.feq.ufu.br/Luis_Claudio/HYBRID/mpt_ver262/mpt/yalmip/extras/@logdet/display.html]
[ftp.feq.ufu.br/Luis_Claudio/HYBRID/mpt_ver262/mpt/yalmip/extras/@logdet/getP.html]
[ftp.feq.ufu.br/Luis_Claudio/HYBRID/mpt_ver262/mpt/yalmip/extras/@logdet/getcx.html]
[ftp.feq.ufu.br/Luis_Claudio/HYBRID/mpt_ver262/mpt/yalmip/extras/@logdet/getgain.html]
[ftp.feq.ufu.br/Luis_Claudio/HYBRID/mpt_ver262/mpt/yalmip/extras/@logdet/logdet.html]
[ftp.feq.ufu.br/Luis_Claudio/HYBRID/mpt_ver262/mpt/yalmip/extras/@logdet/minus.html]
[ftp.feq.ufu.br/Luis_Claudio/HYBRID/mpt_ver262/mpt/yalmip/extras/@logdet/plus.html]
[ftp.feq.ufu.br/Luis_Claudio/HYBRID/mpt_ver262/mpt/yalmip/extras/@logdet/uminus.html]
[ftp.feq.ufu.br/Luis_Claudio/HYBRID/mpt_ver262/mpt/yalmip/extras/@logical/set.html]
[ftp.feq.ufu.br/Luis_Claudio/HYBRID/mpt_ver262/mpt/yalmip/extras/@ncvar/Contents.html]
[ftp.feq.ufu.br/Luis_Claudio/HYBRID/mpt_ver262/mpt/yalmip/extras/@ncvar/abs.html]
[ftp.feq.ufu.br/Luis_Claudio/HYBRID/mpt_ver262/mpt/yalmip/extras/@ncvar/and.html]
[ftp.feq.ufu.br/Luis_Claudio/HYBRID/mpt_ver262/mpt/yalmip/extras/@ncvar/any.html]
[ftp.feq.ufu.br/Luis_Claudio/HYBRID/mpt_ver262/mpt/yalmip/extras/@ncvar/assign.html]
[ftp.feq.ufu.br/Luis_Claudio/HYBRID/mpt_ver262/mpt/yalmip/extras/@ncvar/binary.html]
[ftp.feq.ufu.br/Luis_Claudio/HYBRID/mpt_ver262/mpt/yalmip/extras/@ncvar/blkdiag.html]
[ftp.feq.ufu.br/Luis_Claudio/HYBRID/mpt_ver262/mpt/yalmip/extras/@ncvar/bounds.html]
[ftp.feq.ufu.br/Luis_Claudio/HYBRID/mpt_ver262/mpt/yalmip/extras/@ncvar/brutepersp.html]
[ftp.feq.ufu.br/Luis_Claudio/HYBRID/mpt_ver262/mpt/yalmip/extras/@ncvar/cat.html]
[ftp.feq.ufu.br/Luis_Claudio/HYBRID/mpt_ver262/mpt/yalmip/extras/@ncvar/ceil.html]
[ftp.feq.ufu.br/Luis_Claudio/HYBRID/mpt_ver262/mpt/yalmip/extras/@ncvar/circshift.html]
[ftp.feq.ufu.br/Luis_Claudio/HYBRID/mpt_ver262/mpt/yalmip/extras/@ncvar/clean.html]
[ftp.feq.ufu.br/Luis_Claudio/HYBRID/mpt_ver262/mpt/yalmip/extras/@ncvar/clearsdpvar.html]
[ftp.feq.ufu.br/Luis_Claudio/HYBRID/mpt_ver262/mpt/yalmip/extras/@ncvar/cone.html]
[ftp.feq.ufu.br/Luis_Claudio/HYBRID/mpt_ver262/mpt/yalmip/extras/@ncvar/conj.html]
[ftp.feq.ufu.br/Luis_Claudio/HYBRID/mpt_ver262/mpt/yalmip/extras/@ncvar/conv.html]
[ftp.feq.ufu.br/Luis_Claudio/HYBRID/mpt_ver262/mpt/yalmip/extras/@ncvar/ctranspose.html]
[ftp.feq.ufu.br/Luis_Claudio/HYBRID/mpt_ver262/mpt/yalmip/extras/@ncvar/cut.html]
[ftp.feq.ufu.br/Luis_Claudio/HYBRID/mpt_ver262/mpt/yalmip/extras/@ncvar/degreduce.html]
[ftp.feq.ufu.br/Luis_Claudio/HYBRID/mpt_ver262/mpt/yalmip/extras/@ncvar/degree.html]
[ftp.feq.ufu.br/Luis_Claudio/HYBRID/mpt_ver262/mpt/yalmip/extras/@ncvar/depends.html]
[ftp.feq.ufu.br/Luis_Claudio/HYBRID/mpt_ver262/mpt/yalmip/extras/@ncvar/det.html]
[ftp.feq.ufu.br/Luis_Claudio/HYBRID/mpt_ver262/mpt/yalmip/extras/@ncvar/diag.html]
[ftp.feq.ufu.br/Luis_Claudio/HYBRID/mpt_ver262/mpt/yalmip/extras/@ncvar/diff.html]
[ftp.feq.ufu.br/Luis_Claudio/HYBRID/mpt_ver262/mpt/yalmip/extras/@ncvar/display.html]
[ftp.feq.ufu.br/Luis_Claudio/HYBRID/mpt_ver262/mpt/yalmip/extras/@ncvar/domain.html]
[ftp.feq.ufu.br/Luis_Claudio/HYBRID/mpt_ver262/mpt/yalmip/extras/@ncvar/double.html]
[ftp.feq.ufu.br/Luis_Claudio/HYBRID/mpt_ver262/mpt/yalmip/extras/@ncvar/eig.html]
[ftp.feq.ufu.br/Luis_Claudio/HYBRID/mpt_ver262/mpt/yalmip/extras/@ncvar/end.html]
[ftp.feq.ufu.br/Luis_Claudio/HYBRID/mpt_ver262/mpt/yalmip/extras/@ncvar/eq.html]
[ftp.feq.ufu.br/Luis_Claudio/HYBRID/mpt_ver262/mpt/yalmip/extras/@ncvar/exp.html]
[ftp.feq.ufu.br/Luis_Claudio/HYBRID/mpt_ver262/mpt/yalmip/extras/@ncvar/expanded.html]
[ftp.feq.ufu.br/Luis_Claudio/HYBRID/mpt_ver262/mpt/yalmip/extras/@ncvar/exponents.html]
[ftp.feq.ufu.br/Luis_Claudio/HYBRID/mpt_ver262/mpt/yalmip/extras/@ncvar/extractkyp.html]
[ftp.feq.ufu.br/Luis_Claudio/HYBRID/mpt_ver262/mpt/yalmip/extras/@ncvar/false.html]
[ftp.feq.ufu.br/Luis_Claudio/HYBRID/mpt_ver262/mpt/yalmip/extras/@ncvar/find.html]
[ftp.feq.ufu.br/Luis_Claudio/HYBRID/mpt_ver262/mpt/yalmip/extras/@ncvar/fliplr.html]
[ftp.feq.ufu.br/Luis_Claudio/HYBRID/mpt_ver262/mpt/yalmip/extras/@ncvar/flipud.html]
[ftp.feq.ufu.br/Luis_Claudio/HYBRID/mpt_ver262/mpt/yalmip/extras/@ncvar/floor.html]
[ftp.feq.ufu.br/Luis_Claudio/HYBRID/mpt_ver262/mpt/yalmip/extras/@ncvar/ge.html]
[ftp.feq.ufu.br/Luis_Claudio/HYBRID/mpt_ver262/mpt/yalmip/extras/@ncvar/generateAB.html]
[ftp.feq.ufu.br/Luis_Claudio/HYBRID/mpt_ver262/mpt/yalmip/extras/@ncvar/geomean.html]
[ftp.feq.ufu.br/Luis_Claudio/HYBRID/mpt_ver262/mpt/yalmip/extras/@ncvar/getbase.html]
[ftp.feq.ufu.br/Luis_Claudio/HYBRID/mpt_ver262/mpt/yalmip/extras/@ncvar/getbasematrix.html]
[ftp.feq.ufu.br/Luis_Claudio/HYBRID/mpt_ver262/mpt/yalmip/extras/@ncvar/getbasematrixwithoutcheck.html]
[ftp.feq.ufu.br/Luis_Claudio/HYBRID/mpt_ver262/mpt/yalmip/extras/@ncvar/getbasevectorwithoutcheck.html]
[ftp.feq.ufu.br/Luis_Claudio/HYBRID/mpt_ver262/mpt/yalmip/extras/@ncvar/gethackflag.html]
[ftp.feq.ufu.br/Luis_Claudio/HYBRID/mpt_ver262/mpt/yalmip/extras/@ncvar/getsosrank.html]
[ftp.feq.ufu.br/Luis_Claudio/HYBRID/mpt_ver262/mpt/yalmip/extras/@ncvar/getvariables.html]
[ftp.feq.ufu.br/Luis_Claudio/HYBRID/mpt_ver262/mpt/yalmip/extras/@ncvar/getvariablesvector.html]
[ftp.feq.ufu.br/Luis_Claudio/HYBRID/mpt_ver262/mpt/yalmip/extras/@ncvar/gt.html]
[ftp.feq.ufu.br/Luis_Claudio/HYBRID/mpt_ver262/mpt/yalmip/extras/@ncvar/hankel.html]
[ftp.feq.ufu.br/Luis_Claudio/HYBRID/mpt_ver262/mpt/yalmip/extras/@ncvar/homogenize.html]
[ftp.feq.ufu.br/Luis_Claudio/HYBRID/mpt_ver262/mpt/yalmip/extras/@ncvar/horzcat.html]
[ftp.feq.ufu.br/Luis_Claudio/HYBRID/mpt_ver262/mpt/yalmip/extras/@ncvar/imag.html]
[ftp.feq.ufu.br/Luis_Claudio/HYBRID/mpt_ver262/mpt/yalmip/extras/@ncvar/integer.html]
[ftp.feq.ufu.br/Luis_Claudio/HYBRID/mpt_ver262/mpt/yalmip/extras/@ncvar/is.html]
[ftp.feq.ufu.br/Luis_Claudio/HYBRID/mpt_ver262/mpt/yalmip/extras/@ncvar/isconvex.html]
[ftp.feq.ufu.br/Luis_Claudio/HYBRID/mpt_ver262/mpt/yalmip/extras/@ncvar/isequal.html]
[ftp.feq.ufu.br/Luis_Claudio/HYBRID/mpt_ver262/mpt/yalmip/extras/@ncvar/ishermitian.html]
[ftp.feq.ufu.br/Luis_Claudio/HYBRID/mpt_ver262/mpt/yalmip/extras/@ncvar/isinteger.html]
[ftp.feq.ufu.br/Luis_Claudio/HYBRID/mpt_ver262/mpt/yalmip/extras/@ncvar/islinear.html]
[ftp.feq.ufu.br/Luis_Claudio/HYBRID/mpt_ver262/mpt/yalmip/extras/@ncvar/ismember.html]
[ftp.feq.ufu.br/Luis_Claudio/HYBRID/mpt_ver262/mpt/yalmip/extras/@ncvar/ismember_internal.html]
[ftp.feq.ufu.br/Luis_Claudio/HYBRID/mpt_ver262/mpt/yalmip/extras/@ncvar/isreal.html]
[ftp.feq.ufu.br/Luis_Claudio/HYBRID/mpt_ver262/mpt/yalmip/extras/@ncvar/issymmetric.html]
[ftp.feq.ufu.br/Luis_Claudio/HYBRID/mpt_ver262/mpt/yalmip/extras/@ncvar/jacobian.html]
[ftp.feq.ufu.br/Luis_Claudio/HYBRID/mpt_ver262/mpt/yalmip/extras/@ncvar/kron.html]
[ftp.feq.ufu.br/Luis_Claudio/HYBRID/mpt_ver262/mpt/yalmip/extras/@ncvar/kyp.html]
[ftp.feq.ufu.br/Luis_Claudio/HYBRID/mpt_ver262/mpt/yalmip/extras/@ncvar/le.html]
[ftp.feq.ufu.br/Luis_Claudio/HYBRID/mpt_ver262/mpt/yalmip/extras/@ncvar/length.html]
[ftp.feq.ufu.br/Luis_Claudio/HYBRID/mpt_ver262/mpt/yalmip/extras/@ncvar/loadobj.html]
[ftp.feq.ufu.br/Luis_Claudio/HYBRID/mpt_ver262/mpt/yalmip/extras/@ncvar/log.html]
[ftp.feq.ufu.br/Luis_Claudio/HYBRID/mpt_ver262/mpt/yalmip/extras/@ncvar/log2.html]
[ftp.feq.ufu.br/Luis_Claudio/HYBRID/mpt_ver262/mpt/yalmip/extras/@ncvar/log10.html]
[ftp.feq.ufu.br/Luis_Claudio/HYBRID/mpt_ver262/mpt/yalmip/extras/@ncvar/lt.html]
[ftp.feq.ufu.br/Luis_Claudio/HYBRID/mpt_ver262/mpt/yalmip/extras/@ncvar/max.html]
[ftp.feq.ufu.br/Luis_Claudio/HYBRID/mpt_ver262/mpt/yalmip/extras/@ncvar/median.html]
[ftp.feq.ufu.br/Luis_Claudio/HYBRID/mpt_ver262/mpt/yalmip/extras/@ncvar/min.html]
[ftp.feq.ufu.br/Luis_Claudio/HYBRID/mpt_ver262/mpt/yalmip/extras/@ncvar/minus.html]
[ftp.feq.ufu.br/Luis_Claudio/HYBRID/mpt_ver262/mpt/yalmip/extras/@ncvar/mldivide.html]
[ftp.feq.ufu.br/Luis_Claudio/HYBRID/mpt_ver262/mpt/yalmip/extras/@ncvar/model.html]
[ftp.feq.ufu.br/Luis_Claudio/HYBRID/mpt_ver262/mpt/yalmip/extras/@ncvar/mpower.html]
[ftp.feq.ufu.br/Luis_Claudio/HYBRID/mpt_ver262/mpt/yalmip/extras/@ncvar/mrdivide.html]
[ftp.feq.ufu.br/Luis_Claudio/HYBRID/mpt_ver262/mpt/yalmip/extras/@ncvar/mtimes-2.html]
[ftp.feq.ufu.br/Luis_Claudio/HYBRID/mpt_ver262/mpt/yalmip/extras/@ncvar/ncvar-2.html]
[ftp.feq.ufu.br/Luis_Claudio/HYBRID/mpt_ver262/mpt/yalmip/extras/@ncvar/ne.html]
[ftp.feq.ufu.br/Luis_Claudio/HYBRID/mpt_ver262/mpt/yalmip/extras/@ncvar/nnz.html]
[ftp.feq.ufu.br/Luis_Claudio/HYBRID/mpt_ver262/mpt/yalmip/extras/@ncvar/nonlineartocone.html]
[ftp.feq.ufu.br/Luis_Claudio/HYBRID/mpt_ver262/mpt/yalmip/extras/@ncvar/norm.html]
[ftp.feq.ufu.br/Luis_Claudio/HYBRID/mpt_ver262/mpt/yalmip/extras/@ncvar/not.html]
[ftp.feq.ufu.br/Luis_Claudio/HYBRID/mpt_ver262/mpt/yalmip/extras/@ncvar/numel.html]
[ftp.feq.ufu.br/Luis_Claudio/HYBRID/mpt_ver262/mpt/yalmip/extras/@ncvar/or.html]
[ftp.feq.ufu.br/Luis_Claudio/HYBRID/mpt_ver262/mpt/yalmip/extras/@ncvar/parametric.html]
[ftp.feq.ufu.br/Luis_Claudio/HYBRID/mpt_ver262/mpt/yalmip/extras/@ncvar/plot.html]
[ftp.feq.ufu.br/Luis_Claudio/HYBRID/mpt_ver262/mpt/yalmip/extras/@ncvar/plus.html]
[ftp.feq.ufu.br/Luis_Claudio/HYBRID/mpt_ver262/mpt/yalmip/extras/@ncvar/polynomial.html]
[ftp.feq.ufu.br/Luis_Claudio/HYBRID/mpt_ver262/mpt/yalmip/extras/@ncvar/pow2.html]
[ftp.feq.ufu.br/Luis_Claudio/HYBRID/mpt_ver262/mpt/yalmip/extras/@ncvar/pow10.html]
[ftp.feq.ufu.br/Luis_Claudio/HYBRID/mpt_ver262/mpt/yalmip/extras/@ncvar/power.html]
[ftp.feq.ufu.br/Luis_Claudio/HYBRID/mpt_ver262/mpt/yalmip/extras/@ncvar/prod.html]
[ftp.feq.ufu.br/Luis_Claudio/HYBRID/mpt_ver262/mpt/yalmip/extras/@ncvar/pwa.html]
[ftp.feq.ufu.br/Luis_Claudio/HYBRID/mpt_ver262/mpt/yalmip/extras/@ncvar/quaddecomp.html]
[ftp.feq.ufu.br/Luis_Claudio/HYBRID/mpt_ver262/mpt/yalmip/extras/@ncvar/rank.html]
[ftp.feq.ufu.br/Luis_Claudio/HYBRID/mpt_ver262/mpt/yalmip/extras/@ncvar/rcone.html]
[ftp.feq.ufu.br/Luis_Claudio/HYBRID/mpt_ver262/mpt/yalmip/extras/@ncvar/rdivide.html]
[ftp.feq.ufu.br/Luis_Claudio/HYBRID/mpt_ver262/mpt/yalmip/extras/@ncvar/real.html]
[ftp.feq.ufu.br/Luis_Claudio/HYBRID/mpt_ver262/mpt/yalmip/extras/@ncvar/recovermonoms.html]
[ftp.feq.ufu.br/Luis_Claudio/HYBRID/mpt_ver262/mpt/yalmip/extras/@ncvar/relaxdouble.html]
[ftp.feq.ufu.br/Luis_Claudio/HYBRID/mpt_ver262/mpt/yalmip/extras/@ncvar/replace.html]
[ftp.feq.ufu.br/Luis_Claudio/HYBRID/mpt_ver262/mpt/yalmip/extras/@ncvar/repmat.html]
[ftp.feq.ufu.br/Luis_Claudio/HYBRID/mpt_ver262/mpt/yalmip/extras/@ncvar/reshape.html]
[ftp.feq.ufu.br/Luis_Claudio/HYBRID/mpt_ver262/mpt/yalmip/extras/@ncvar/rot90.html]
[ftp.feq.ufu.br/Luis_Claudio/HYBRID/mpt_ver262/mpt/yalmip/extras/@ncvar/saveobj.html]
[ftp.feq.ufu.br/Luis_Claudio/HYBRID/mpt_ver262/mpt/yalmip/extras/@ncvar/sdp2mat.html]
[ftp.feq.ufu.br/Luis_Claudio/HYBRID/mpt_ver262/mpt/yalmip/extras/@ncvar/sdpvarfun.html]
[ftp.feq.ufu.br/Luis_Claudio/HYBRID/mpt_ver262/mpt/yalmip/extras/@ncvar/see.html]
[ftp.feq.ufu.br/Luis_Claudio/HYBRID/mpt_ver262/mpt/yalmip/extras/@ncvar/set.html]
[ftp.feq.ufu.br/Luis_Claudio/HYBRID/mpt_ver262/mpt/yalmip/extras/@ncvar/sethackflag.html]
[ftp.feq.ufu.br/Luis_Claudio/HYBRID/mpt_ver262/mpt/yalmip/extras/@ncvar/setsdpvar.html]
[ftp.feq.ufu.br/Luis_Claudio/HYBRID/mpt_ver262/mpt/yalmip/extras/@ncvar/setsos.html]
[ftp.feq.ufu.br/Luis_Claudio/HYBRID/mpt_ver262/mpt/yalmip/extras/@ncvar/shiftdim.html]
[ftp.feq.ufu.br/Luis_Claudio/HYBRID/mpt_ver262/mpt/yalmip/extras/@ncvar/sign.html]
[ftp.feq.ufu.br/Luis_Claudio/HYBRID/mpt_ver262/mpt/yalmip/extras/@ncvar/simplify.html]
[ftp.feq.ufu.br/Luis_Claudio/HYBRID/mpt_ver262/mpt/yalmip/extras/@ncvar/size.html]
[ftp.feq.ufu.br/Luis_Claudio/HYBRID/mpt_ver262/mpt/yalmip/extras/@ncvar/sort.html]
[ftp.feq.ufu.br/Luis_Claudio/HYBRID/mpt_ver262/mpt/yalmip/extras/@ncvar/sos.html]
[ftp.feq.ufu.br/Luis_Claudio/HYBRID/mpt_ver262/mpt/yalmip/extras/@ncvar/sosd.html]
[ftp.feq.ufu.br/Luis_Claudio/HYBRID/mpt_ver262/mpt/yalmip/extras/@ncvar/sparse.html]
[ftp.feq.ufu.br/Luis_Claudio/HYBRID/mpt_ver262/mpt/yalmip/extras/@ncvar/spy.html]
[ftp.feq.ufu.br/Luis_Claudio/HYBRID/mpt_ver262/mpt/yalmip/extras/@ncvar/sqrt.html]
[ftp.feq.ufu.br/Luis_Claudio/HYBRID/mpt_ver262/mpt/yalmip/extras/@ncvar/stackcell.html]
[ftp.feq.ufu.br/Luis_Claudio/HYBRID/mpt_ver262/mpt/yalmip/extras/@ncvar/subsasgn.html]
[ftp.feq.ufu.br/Luis_Claudio/HYBRID/mpt_ver262/mpt/yalmip/extras/@ncvar/subsref.html]
[ftp.feq.ufu.br/Luis_Claudio/HYBRID/mpt_ver262/mpt/yalmip/extras/@ncvar/sum.html]
[ftp.feq.ufu.br/Luis_Claudio/HYBRID/mpt_ver262/mpt/yalmip/extras/@ncvar/sumsum.html]
[ftp.feq.ufu.br/Luis_Claudio/HYBRID/mpt_ver262/mpt/yalmip/extras/@ncvar/sym.html]
[ftp.feq.ufu.br/Luis_Claudio/HYBRID/mpt_ver262/mpt/yalmip/extras/@ncvar/times.html]
[ftp.feq.ufu.br/Luis_Claudio/HYBRID/mpt_ver262/mpt/yalmip/extras/@ncvar/toeplitz.html]
[ftp.feq.ufu.br/Luis_Claudio/HYBRID/mpt_ver262/mpt/yalmip/extras/@ncvar/trace.html]
[ftp.feq.ufu.br/Luis_Claudio/HYBRID/mpt_ver262/mpt/yalmip/extras/@ncvar/transpose.html]
[ftp.feq.ufu.br/Luis_Claudio/HYBRID/mpt_ver262/mpt/yalmip/extras/@ncvar/tril.html]
[ftp.feq.ufu.br/Luis_Claudio/HYBRID/mpt_ver262/mpt/yalmip/extras/@ncvar/triu.html]
[ftp.feq.ufu.br/Luis_Claudio/HYBRID/mpt_ver262/mpt/yalmip/extras/@ncvar/true.html]
[ftp.feq.ufu.br/Luis_Claudio/HYBRID/mpt_ver262/mpt/yalmip/extras/@ncvar/uminus.html]
[ftp.feq.ufu.br/Luis_Claudio/HYBRID/mpt_ver262/mpt/yalmip/extras/@ncvar/uncertain.html]
[ftp.feq.ufu.br/Luis_Claudio/HYBRID/mpt_ver262/mpt/yalmip/extras/@ncvar/unique.html]
[ftp.feq.ufu.br/Luis_Claudio/HYBRID/mpt_ver262/mpt/yalmip/extras/@ncvar/uplus.html]
[ftp.feq.ufu.br/Luis_Claudio/HYBRID/mpt_ver262/mpt/yalmip/extras/@ncvar/var.html]
[ftp.feq.ufu.br/Luis_Claudio/HYBRID/mpt_ver262/mpt/yalmip/extras/@ncvar/vertcat.html]
[ftp.feq.ufu.br/Luis_Claudio/HYBRID/mpt_ver262/mpt/yalmip/extras/@ndsdpvar/alldifferent.html]
[ftp.feq.ufu.br/Luis_Claudio/HYBRID/mpt_ver262/mpt/yalmip/extras/@ndsdpvar/assign.html]
[ftp.feq.ufu.br/Luis_Claudio/HYBRID/mpt_ver262/mpt/yalmip/extras/@ndsdpvar/binary.html]
[ftp.feq.ufu.br/Luis_Claudio/HYBRID/mpt_ver262/mpt/yalmip/extras/@ndsdpvar/circshift.html]
[ftp.feq.ufu.br/Luis_Claudio/HYBRID/mpt_ver262/mpt/yalmip/extras/@ndsdpvar/clean.html]
[ftp.feq.ufu.br/Luis_Claudio/HYBRID/mpt_ver262/mpt/yalmip/extras/@ndsdpvar/depends.html]
[ftp.feq.ufu.br/Luis_Claudio/HYBRID/mpt_ver262/mpt/yalmip/extras/@ndsdpvar/diff.html]
[ftp.feq.ufu.br/Luis_Claudio/HYBRID/mpt_ver262/mpt/yalmip/extras/@ndsdpvar/display.html]
[ftp.feq.ufu.br/Luis_Claudio/HYBRID/mpt_ver262/mpt/yalmip/extras/@ndsdpvar/double.html]
[ftp.feq.ufu.br/Luis_Claudio/HYBRID/mpt_ver262/mpt/yalmip/extras/@ndsdpvar/end.html]
[ftp.feq.ufu.br/Luis_Claudio/HYBRID/mpt_ver262/mpt/yalmip/extras/@ndsdpvar/eq.html]
[ftp.feq.ufu.br/Luis_Claudio/HYBRID/mpt_ver262/mpt/yalmip/extras/@ndsdpvar/ge.html]
[ftp.feq.ufu.br/Luis_Claudio/HYBRID/mpt_ver262/mpt/yalmip/extras/@ndsdpvar/getbasematrix.html]
[ftp.feq.ufu.br/Luis_Claudio/HYBRID/mpt_ver262/mpt/yalmip/extras/@ndsdpvar/getvariables.html]
[ftp.feq.ufu.br/Luis_Claudio/HYBRID/mpt_ver262/mpt/yalmip/extras/@ndsdpvar/gt.html]
[ftp.feq.ufu.br/Luis_Claudio/HYBRID/mpt_ver262/mpt/yalmip/extras/@ndsdpvar/horzcat.html]
[ftp.feq.ufu.br/Luis_Claudio/HYBRID/mpt_ver262/mpt/yalmip/extras/@ndsdpvar/integer.html]
[ftp.feq.ufu.br/Luis_Claudio/HYBRID/mpt_ver262/mpt/yalmip/extras/@ndsdpvar/isreal.html]
[ftp.feq.ufu.br/Luis_Claudio/HYBRID/mpt_ver262/mpt/yalmip/extras/@ndsdpvar/le.html]
[ftp.feq.ufu.br/Luis_Claudio/HYBRID/mpt_ver262/mpt/yalmip/extras/@ndsdpvar/length.html]
[ftp.feq.ufu.br/Luis_Claudio/HYBRID/mpt_ver262/mpt/yalmip/extras/@ndsdpvar/lt.html]
[ftp.feq.ufu.br/Luis_Claudio/HYBRID/mpt_ver262/mpt/yalmip/extras/@ndsdpvar/minus.html]
[ftp.feq.ufu.br/Luis_Claudio/HYBRID/mpt_ver262/mpt/yalmip/extras/@ndsdpvar/mtimes.html]
[ftp.feq.ufu.br/Luis_Claudio/HYBRID/mpt_ver262/mpt/yalmip/extras/@ndsdpvar/ndsdpvar.html]
[ftp.feq.ufu.br/Luis_Claudio/HYBRID/mpt_ver262/mpt/yalmip/extras/@ndsdpvar/plus.html]
[ftp.feq.ufu.br/Luis_Claudio/HYBRID/mpt_ver262/mpt/yalmip/extras/@ndsdpvar/reshape.html]
[ftp.feq.ufu.br/Luis_Claudio/HYBRID/mpt_ver262/mpt/yalmip/extras/@ndsdpvar/sdpvar.html]
[ftp.feq.ufu.br/Luis_Claudio/HYBRID/mpt_ver262/mpt/yalmip/extras/@ndsdpvar/see.html]
[ftp.feq.ufu.br/Luis_Claudio/HYBRID/mpt_ver262/mpt/yalmip/extras/@ndsdpvar/shiftdim.html]
[ftp.feq.ufu.br/Luis_Claudio/HYBRID/mpt_ver262/mpt/yalmip/extras/@ndsdpvar/size.html]
[ftp.feq.ufu.br/Luis_Claudio/HYBRID/mpt_ver262/mpt/yalmip/extras/@ndsdpvar/squeeze.html]
[ftp.feq.ufu.br/Luis_Claudio/HYBRID/mpt_ver262/mpt/yalmip/extras/@ndsdpvar/subsasgn.html]
[ftp.feq.ufu.br/Luis_Claudio/HYBRID/mpt_ver262/mpt/yalmip/extras/@ndsdpvar/subsref.html]
[ftp.feq.ufu.br/Luis_Claudio/HYBRID/mpt_ver262/mpt/yalmip/extras/@ndsdpvar/sum.html]
[ftp.feq.ufu.br/Luis_Claudio/HYBRID/mpt_ver262/mpt/yalmip/extras/@ndsdpvar/times.html]
[ftp.feq.ufu.br/Luis_Claudio/HYBRID/mpt_ver262/mpt/yalmip/extras/@ndsdpvar/uminus.html]
[ftp.feq.ufu.br/Luis_Claudio/HYBRID/mpt_ver262/mpt/yalmip/extras/@ndsdpvar/vertcat.html]
[ftp.feq.ufu.br/Luis_Claudio/HYBRID/mpt_ver262/mpt/yalmip/extras/@optimizer/display.html]
[ftp.feq.ufu.br/Luis_Claudio/HYBRID/mpt_ver262/mpt/yalmip/extras/@optimizer/optimizer.html]
[ftp.feq.ufu.br/Luis_Claudio/HYBRID/mpt_ver262/mpt/yalmip/extras/@optimizer/subsref.html]
[web.stanford.edu/_boyd/reports/socp.html]
[web.stanford.edu/_boyd/reports/semidef_prog.html]
[web.stanford.edu/_boyd/reports/maxdet_rev.html]
[plato.asu.edu/pub/papers/paper93.pdf]
[control.ee.ethz.ch/_parrilo/pubs/files/thesis.html]
[web.stanford.edu/_boyd/reports/gp_tutorial.html]
[web.stanford.edu/_boyd/bv_cvxbook.html]
[control.ee.ethz.ch/_joloef/maxdet.html]
[ftp.feq.ufu.br/Luis_Claudio/HYBRID/mpt_ver262/mpt/yalmip/modules/global/addEvalVariableCuts.html]
[ftp.feq.ufu.br/Luis_Claudio/HYBRID/mpt_ver262/mpt/yalmip/modules/global/addmcgormick.html]
[ftp.feq.ufu.br/Luis_Claudio/HYBRID/mpt_ver262/mpt/yalmip/modules/global/bmibnb.html]
[ftp.feq.ufu.br/Luis_Claudio/HYBRID/mpt_ver262/mpt/yalmip/modules/global/bnb.html]
[ftp.feq.ufu.br/Luis_Claudio/HYBRID/mpt_ver262/mpt/yalmip/modules/global/bnb_solvelower.html]
[ftp.feq.ufu.br/Luis_Claudio/HYBRID/mpt_ver262/mpt/yalmip/modules/global/bound_exp.html]
[ftp.feq.ufu.br/Luis_Claudio/HYBRID/mpt_ver262/mpt/yalmip/modules/global/bound_sqrtm.html]
[ftp.feq.ufu.br/Luis_Claudio/HYBRID/mpt_ver262/mpt/yalmip/modules/global/boxreduce.html]
[ftp.feq.ufu.br/Luis_Claudio/HYBRID/mpt_ver262/mpt/yalmip/modules/global/branch_and_bound.html]
[ftp.feq.ufu.br/Luis_Claudio/HYBRID/mpt_ver262/mpt/yalmip/modules/global/clean_bounds.html]
[ftp.feq.ufu.br/Luis_Claudio/HYBRID/mpt_ver262/mpt/yalmip/modules/global/compile_nonlinear_table.html]
[ftp.feq.ufu.br/Luis_Claudio/HYBRID/mpt_ver262/mpt/yalmip/modules/global/constraint_residuals.html]
[ftp.feq.ufu.br/Luis_Claudio/HYBRID/mpt_ver262/mpt/yalmip/modules/global/cutsdp.html]
[ftp.feq.ufu.br/Luis_Claudio/HYBRID/mpt_ver262/mpt/yalmip/modules/global/decide_branch_variables.html]
[ftp.feq.ufu.br/Luis_Claudio/HYBRID/mpt_ver262/mpt/yalmip/modules/global/domain_reduction.html]
[ftp.feq.ufu.br/Luis_Claudio/HYBRID/mpt_ver262/mpt/yalmip/modules/global/evaluate_nonlinear.html]
[ftp.feq.ufu.br/Luis_Claudio/HYBRID/mpt_ver262/mpt/yalmip/modules/global/feaspump.html]
[ftp.feq.ufu.br/Luis_Claudio/HYBRID/mpt_ver262/mpt/yalmip/modules/global/fixer.html]
[ftp.feq.ufu.br/Luis_Claudio/HYBRID/mpt_ver262/mpt/yalmip/modules/global/initializesolution.html]
[ftp.feq.ufu.br/Luis_Claudio/HYBRID/mpt_ver262/mpt/yalmip/modules/global/kktqp.html]
[ftp.feq.ufu.br/Luis_Claudio/HYBRID/mpt_ver262/mpt/yalmip/modules/global/lpbmitighten.html]
[ftp.feq.ufu.br/Luis_Claudio/HYBRID/mpt_ver262/mpt/yalmip/modules/global/preprocess_bilinear_bounds.html]
[ftp.feq.ufu.br/Luis_Claudio/HYBRID/mpt_ver262/mpt/yalmip/modules/global/preprocess_eval_bounds.html]
[ftp.feq.ufu.br/Luis_Claudio/HYBRID/mpt_ver262/mpt/yalmip/modules/global/presolve_bounds_from_equalities.html]
[ftp.feq.ufu.br/Luis_Claudio/HYBRID/mpt_ver262/mpt/yalmip/modules/global/propagatequadratics.html]
[ftp.feq.ufu.br/Luis_Claudio/HYBRID/mpt_ver262/mpt/yalmip/modules/global/reduce_bilinear_branching_variables.html]
[ftp.feq.ufu.br/Luis_Claudio/HYBRID/mpt_ver262/mpt/yalmip/modules/global/root_node_tighten.html]
[ftp.feq.ufu.br/Luis_Claudio/HYBRID/mpt_ver262/mpt/yalmip/modules/global/rounder.html]
[ftp.feq.ufu.br/Luis_Claudio/HYBRID/mpt_ver262/mpt/yalmip/modules/global/tightenbounds.html]
[ftp.feq.ufu.br/Luis_Claudio/HYBRID/mpt_ver262/mpt/yalmip/modules/global/updatenonlinearbounds.html]
[ftp.feq.ufu.br/Luis_Claudio/HYBRID/mpt_ver262/mpt/yalmip/modules/global/updateonenonlinearbound.html]
[ftp.feq.ufu.br/Luis_Claudio/HYBRID/mpt_ver262/mpt/yalmip/modules/moment/extractsolution.html]
[ftp.feq.ufu.br/Luis_Claudio/HYBRID/mpt_ver262/mpt/yalmip/modules/moment/solvemoment.html]
[ftp.feq.ufu.br/Luis_Claudio/HYBRID/mpt_ver262/mpt/yalmip/modules/parametric/mpt_appendmodel.html]
[ftp.feq.ufu.br/Luis_Claudio/HYBRID/mpt_ver262/mpt/yalmip/modules/parametric/mpt_clean_optmizer.html]
[ftp.feq.ufu.br/Luis_Claudio/HYBRID/mpt_ver262/mpt/yalmip/modules/parametric/mpt_collect_equalities.html]
[ftp.feq.ufu.br/Luis_Claudio/HYBRID/mpt_ver262/mpt/yalmip/modules/parametric/mpt_de_mpmilp.html]
[ftp.feq.ufu.br/Luis_Claudio/HYBRID/mpt_ver262/mpt/yalmip/modules/parametric/mpt_derive_bounds.html]
[ftp.feq.ufu.br/Luis_Claudio/HYBRID/mpt_ver262/mpt/yalmip/modules/parametric/mpt_detect_and_improve_bounds.html]
[ftp.feq.ufu.br/Luis_Claudio/HYBRID/mpt_ver262/mpt/yalmip/modules/parametric/mpt_detect_fixed_rows.html]
[ftp.feq.ufu.br/Luis_Claudio/HYBRID/mpt_ver262/mpt/yalmip/modules/parametric/mpt_detect_sos.html]
[ftp.feq.ufu.br/Luis_Claudio/HYBRID/mpt_ver262/mpt/yalmip/modules/parametric/mpt_enumerate_binary.html]
[ftp.feq.ufu.br/Luis_Claudio/HYBRID/mpt_ver262/mpt/yalmip/modules/parametric/mpt_enumeration_mpmilp.html]
[ftp.feq.ufu.br/Luis_Claudio/HYBRID/mpt_ver262/mpt/yalmip/modules/parametric/mpt_parbb.html]
[ftp.feq.ufu.br/Luis_Claudio/HYBRID/mpt_ver262/mpt/yalmip/modules/parametric/mpt_project_back_equality.html]
[ftp.feq.ufu.br/Luis_Claudio/HYBRID/mpt_ver262/mpt/yalmip/modules/parametric/mpt_project_on_equality.html]
[ftp.feq.ufu.br/Luis_Claudio/HYBRID/mpt_ver262/mpt/yalmip/modules/parametric/mpt_reduce.html]
[ftp.feq.ufu.br/Luis_Claudio/HYBRID/mpt_ver262/mpt/yalmip/modules/parametric/mpt_remove_equalities.html]
[ftp.feq.ufu.br/Luis_Claudio/HYBRID/mpt_ver262/mpt/yalmip/modules/parametric/mpt_select_rows.html]
[ftp.feq.ufu.br/Luis_Claudio/HYBRID/mpt_ver262/mpt/yalmip/modules/parametric/mpt_solvenode.html]
[ftp.feq.ufu.br/Luis_Claudio/HYBRID/mpt_ver262/mpt/yalmip/modules/parametric/solvemp.html]
[ftp.feq.ufu.br/Luis_Claudio/HYBRID/mpt_ver262/mpt/yalmip/modules/robust/deriveBilinearizing.html]
[ftp.feq.ufu.br/Luis_Claudio/HYBRID/mpt_ver262/mpt/yalmip/modules/robust/dilate.html]
[ftp.feq.ufu.br/Luis_Claudio/HYBRID/mpt_ver262/mpt/yalmip/modules/robust/dilate2.html]
[ftp.feq.ufu.br/Luis_Claudio/HYBRID/mpt_ver262/mpt/yalmip/modules/robust/dilate_old.html]
[ftp.feq.ufu.br/Luis_Claudio/HYBRID/mpt_ver262/mpt/yalmip/modules/robust/parameterizedW.html]
[ftp.feq.ufu.br/Luis_Claudio/HYBRID/mpt_ver262/mpt/yalmip/modules/robust/robust_classify_variables.html]
[ftp.feq.ufu.br/Luis_Claudio/HYBRID/mpt_ver262/mpt/yalmip/modules/robust/robustify.html]
[ftp.feq.ufu.br/Luis_Claudio/HYBRID/mpt_ver262/mpt/yalmip/modules/robust/robustify_eq_conic.html]
[ftp.feq.ufu.br/Luis_Claudio/HYBRID/mpt_ver262/mpt/yalmip/modules/robust/robustify_lp_conic.html]
[ftp.feq.ufu.br/Luis_Claudio/HYBRID/mpt_ver262/mpt/yalmip/modules/robust/robustify_sdp_conic.html]
[ftp.feq.ufu.br/Luis_Claudio/HYBRID/mpt_ver262/mpt/yalmip/modules/robust/solverobust.html]
[ftp.feq.ufu.br/Luis_Claudio/HYBRID/mpt_ver262/mpt/yalmip/modules/sos/blockmonomialreduction.html]
[ftp.feq.ufu.br/Luis_Claudio/HYBRID/mpt_ver262/mpt/yalmip/modules/sos/compilesos.html]
[ftp.feq.ufu.br/Luis_Claudio/HYBRID/mpt_ver262/mpt/yalmip/modules/sos/congruenceblocks.html]
[ftp.feq.ufu.br/Luis_Claudio/HYBRID/mpt_ver262/mpt/yalmip/modules/sos/consistent.html]
[ftp.feq.ufu.br/Luis_Claudio/HYBRID/mpt_ver262/mpt/yalmip/modules/sos/corrsparsity.html]
[ftp.feq.ufu.br/Luis_Claudio/HYBRID/mpt_ver262/mpt/yalmip/modules/sos/genmonoms.html]
[ftp.feq.ufu.br/Luis_Claudio/HYBRID/mpt_ver262/mpt/yalmip/modules/sos/monomialgeneration.html]
[ftp.feq.ufu.br/Luis_Claudio/HYBRID/mpt_ver262/mpt/yalmip/modules/sos/monomialproducts.html]
[ftp.feq.ufu.br/Luis_Claudio/HYBRID/mpt_ver262/mpt/yalmip/modules/sos/monomialreduction.html]
[ftp.feq.ufu.br/Luis_Claudio/HYBRID/mpt_ver262/mpt/yalmip/modules/sos/newtonmonoms.html]
[ftp.feq.ufu.br/Luis_Claudio/HYBRID/mpt_ver262/mpt/yalmip/modules/sos/newtonpolytope.html]
[ftp.feq.ufu.br/Luis_Claudio/HYBRID/mpt_ver262/mpt/yalmip/modules/sos/newtonreduce.html]
[ftp.feq.ufu.br/Luis_Claudio/HYBRID/mpt_ver262/mpt/yalmip/modules/sos/postprocesssos.html]
[ftp.feq.ufu.br/Luis_Claudio/HYBRID/mpt_ver262/mpt/yalmip/modules/sos/solvesos.html]
[ftp.feq.ufu.br/Luis_Claudio/HYBRID/mpt_ver262/mpt/yalmip/@sdpvar/varargin{3};.html]
[ftp.feq.ufu.br/Luis_Claudio/HYBRID/mpt_ver262/mpt/yalmip/extras/getbase(obj);.html]
[ftp.feq.ufu.br/Luis_Claudio/HYBRID/mpt_ver262/mpt/yalmip/extras/@ncvar/varargin{3};.html]
